Component: ARM Compiler 5.06 update 7 (build 960) Tool: armlink [4d3601]

==============================================================================

Section Cross References

    i2c.o(.text) refers to i2c.o(.data) for timeout
    lcd1602.o(.text) refers to i2c.o(.text) for I2C_Write
    lcd1602.o(.text) refers to aeabi_sdiv.o(.text) for __aeabi_idivmod
    lcd1602.o(.text) refers to lcd1602.o(.data) for lcd_backlight
    main.o(.text) refers to _printf_percent.o(.ARM.Collect$$_printf_percent$$00000000) for _printf_percent
    main.o(.text) refers to _printf_f.o(.ARM.Collect$$_printf_percent$$00000003) for _printf_f
    main.o(.text) refers to printf1.o(x$fpl$printf1) for _printf_fp_dec
    main.o(.text) refers to _printf_pad.o(.text) for _printf_pre_padding
    main.o(.text) refers to _printf_d.o(.ARM.Collect$$_printf_percent$$00000009) for _printf_d
    main.o(.text) refers to _printf_dec.o(.text) for _printf_int_dec
    main.o(.text) refers to fflti.o(.text) for __aeabi_ui2f
    main.o(.text) refers to fdiv.o(.text) for __aeabi_fdiv
    main.o(.text) refers to fmul.o(x$fpl$fmul) for __aeabi_fmul
    main.o(.text) refers to faddsub.o(x$fpl$fadd) for __aeabi_fadd
    main.o(.text) refers to tpm_pcm.o(.text) for TPM0_PCM_Play
    main.o(.text) refers to lcd1602.o(.text) for LCD1602_Init
    main.o(.text) refers to pit.o(.text) for PIT_Init
    main.o(.text) refers to uart0.o(.text) for UART0_Init
    main.o(.text) refers to klaw.o(.text) for Klaw_Init
    main.o(.text) refers to adc.o(.text) for ADC_Init
    main.o(.text) refers to aeabi_sdiv.o(.text) for __aeabi_uidivmod
    main.o(.text) refers to noretval__2sprintf.o(.text) for __2sprintf
    main.o(.text) refers to f2d.o(.text) for __aeabi_f2d
    main.o(.text) refers to main.o(.data) for count
    main.o(.text) refers to main.o(.bss) for rx_buf
    main.o(.text) refers to system_mkl05z4.o(.data) for SystemCoreClock
    main.o(.text) refers to strcmp.o(.text) for strcmp
    main.o(.text) refers to rt_memclr.o(.text) for __aeabi_memclr
    main.o(.text) refers to feqf.o(x$fpl$feqf) for __aeabi_cfcmpeq
    main.o(.text) refers to faddsub.o(x$fpl$fsub) for __aeabi_fsub
    main.o(.text) refers to drlef.o(x$fpl$drleqf) for __aeabi_cdrcmple
    main.o(.text) refers to main.o(.conststring) for .conststring
    pit.o(.text) refers to aeabi_sdiv.o(.text) for __aeabi_uidivmod
    pit.o(.text) refers to system_mkl05z4.o(.data) for SystemCoreClock
    tpm_pcm.o(.text) refers to tpm_pcm.o(.data) for tpm0Enabled
    tpm_pcm.o(.text) refers to tpm_pcm.o(.constdata) for samples
    tpm_pcm.o(.data) refers to tpm_pcm.o(.constdata) for A
    startup_mkl05z4.o(STACK) refers (Special) to heapauxi.o(.text) for __use_two_region_memory
    startup_mkl05z4.o(HEAP) refers (Special) to heapauxi.o(.text) for __use_two_region_memory
    startup_mkl05z4.o(RESET) refers (Special) to heapauxi.o(.text) for __use_two_region_memory
    startup_mkl05z4.o(RESET) refers to startup_mkl05z4.o(STACK) for __initial_sp
    startup_mkl05z4.o(RESET) refers to startup_mkl05z4.o(.text) for Reset_Handler
    startup_mkl05z4.o(RESET) refers to main.o(.text) for SysTick_Handler
    startup_mkl05z4.o(RESET) refers to tpm_pcm.o(.text) for TPM0_IRQHandler
    startup_mkl05z4.o(.ARM.__at_0x400) refers (Special) to heapauxi.o(.text) for __use_two_region_memory
    startup_mkl05z4.o(.text) refers (Special) to heapauxi.o(.text) for __use_two_region_memory
    startup_mkl05z4.o(.text) refers to system_mkl05z4.o(.text) for SystemInit
    startup_mkl05z4.o(.text) refers to __main.o(!!!main) for __main
    startup_mkl05z4.o(.text) refers to startup_mkl05z4.o(HEAP) for Heap_Mem
    startup_mkl05z4.o(.text) refers to startup_mkl05z4.o(STACK) for Stack_Mem
    system_mkl05z4.o(.text) refers to aeabi_sdiv.o(.text) for __aeabi_uidivmod
    system_mkl05z4.o(.text) refers to system_mkl05z4.o(i.__ARM_common_switch8) for __ARM_common_switch8
    system_mkl05z4.o(.text) refers to system_mkl05z4.o(.data) for SystemCoreClock
    __2sprintf.o(.text) refers to _printf_char_common.o(.text) for _printf_char_common
    __2sprintf.o(.text) refers to _sputc.o(.text) for _sputc
    noretval__2sprintf.o(.text) refers to _printf_char_common.o(.text) for _printf_char_common
    noretval__2sprintf.o(.text) refers to _sputc.o(.text) for _sputc
    __printf.o(.text) refers to _printf_percent.o(.ARM.Collect$$_printf_percent$$00000000) for _printf_percent
    _printf_dec.o(.text) refers to rtudiv10.o(.text) for __rt_udiv10
    _printf_dec.o(.text) refers to _printf_intcommon.o(.text) for _printf_int_common
    __printf_flags.o(.text) refers to _printf_percent.o(.ARM.Collect$$_printf_percent$$00000000) for _printf_percent
    __printf_flags.o(.text) refers to __printf_flags.o(.constdata) for .constdata
    __printf_ss.o(.text) refers to _printf_percent.o(.ARM.Collect$$_printf_percent$$00000000) for _printf_percent
[...]
    lc_numeric_c.o(locale$$code) refers to strcmp.o(.text) for strcmp
    lc_numeric_c.o(locale$$code) refers to lc_numeric_c.o(locale$$data) for __lcnum_c_name
    cmpret.o(.text) refers (Special) to usenofp.o(x$fpl$usenofp) for __I$use$fp
    dnan2.o(.text) refers (Special) to usenofp.o(x$fpl$usenofp) for __I$use$fp
    dnan2.o(.text) refers to retnan.o(.text) for __fpl_return_NaN
    fnan2.o(.text) refers (Special) to usenofp.o(x$fpl$usenofp) for __I$use$fp
    fnan2.o(.text) refers to retnan.o(.text) for __fpl_return_NaN
    ieee_status.o(.text) refers (Special) to usenofp.o(x$fpl$usenofp) for __I$use$fp
    fpclassify.o(i.__ARM_fpclassify) refers (Special) to usenofp.o(x$fpl$usenofp) for __I$use$fp
    libspace.o(.text) refers to libspace.o(.bss) for __libspace_start
    sys_stackheap_outer.o(.text) refers to libspace.o(.text) for __user_perproc_libspace
    sys_stackheap_outer.o(.text) refers to startup_mkl05z4.o(.text) for __user_initial_stackheap
    sys_stackheap_outer.o(__vectab_stack_and_reset_area) refers to tempstk.o(.text) for __temporary_stack_top
    sys_stackheap_outer.o(__vectab_stack_and_reset_area) refers to __main.o(!!!main) for __main
    exit.o(.text) refers to rtexit.o(.ARM.Collect$$rtexit$$00000000) for __rt_exit
    defsig_fpe_outer.o(.text) refers to defsig_fpe_inner.o(.text) for __rt_SIGFPE_inner
    defsig_fpe_outer.o(.text) refers to defsig_exit.o(.text) for __sig_exit
    defsig_fpe_formal.o(.text) refers to rt_raise.o(.text) for __rt_raise
    libinit.o(.ARM.Collect$$libinit$$00000000) refers (Special) to libinit2.o(.ARM.Collect$$libinit$$0000002E) for __rt_lib_init_alloca_1
    libinit.o(.ARM.Collect$$libinit$$00000000) refers (Special) to libinit2.o(.ARM.Collect$$libinit$$0000002C) for __rt_lib_init_argv_1
    libinit.o(.ARM.Collect$$libinit$$00000000) refers (Special) to libinit2.o(.ARM.Collect$$libinit$$0000001B) for __rt_lib_init_atexit_1
    libinit.o(.ARM.Collect$$libinit$$00000000) refers (Special) to libinit2.o(.ARM.Collect$$libinit$$00000021) for __rt_lib_init_clock_1
    libinit.o(.ARM.Collect$$libinit$$00000000) refers (Special) to libinit2.o(.ARM.Collect$$libinit$$00000032) for __rt_lib_init_cpp_1
    libinit.o(.ARM.Collect$$libinit$$00000000) refers (Special) to libinit2.o(.ARM.Collect$$libinit$$00000030) for __rt_lib_init_exceptions_1
    libinit.o(.ARM.Collect$$libinit$$00000000) refers (Special) to libinit2.o(.ARM.Collect$$libinit$$00000002) for __rt_lib_init_fp_1
    libinit.o(.ARM.Collect$$libinit$$00000000) refers (Special) to libinit2.o(.ARM.Collect$$libinit$$0000001F) for __rt_lib_init_fp_trap_1
    libinit.o(.ARM.Collect$$libinit$$00000000) refers (Special) to libinit2.o(.ARM.Collect$$libinit$$00000023) for __rt_lib_init_getenv_1
    libinit.o(.ARM.Collect$$libinit$$00000000) refers (Special) to libinit2.o(.ARM.Collect$$libinit$$0000000A) for __rt_lib_init_heap_1
    libinit.o(.ARM.Collect$$libinit$$00000000) refers (Special) to libinit2.o(.ARM.Collect$$libinit$$00000011) for __rt_lib_init_lc_collate_1
    libinit.o(.ARM.Collect$$libinit$$00000000) refers (Special) to libinit2.o(.ARM.Collect$$libinit$$00000013) for __rt_lib_init_lc_ctype_1
    libinit.o(.ARM.Collect$$libinit$$00000000) refers (Special) to libinit2.o(.ARM.Collect$$libinit$$00000015) for __rt_lib_init_lc_monetary_1
    libinit.o(.ARM.Collect$$libinit$$00000000) refers (Special) to libinit2.o(.ARM.Collect$$libinit$$00000017) for __rt_lib_init_lc_numeric_1
    libinit.o(.ARM.Collect$$libinit$$00000000) refers (Special) to libinit2.o(.ARM.Collect$$libinit$$00000019) for __rt_lib_init_lc_time_1
    libinit.o(.ARM.Collect$$libinit$$00000000) refers (Special) to libinit2.o(.ARM.Collect$$libinit$$00000004) for __rt_lib_init_preinit_1
    libinit.o(.ARM.Collect$$libinit$$00000000) refers (Special) to libinit2.o(.ARM.Collect$$libinit$$0000000E) for __rt_lib_init_rand_1
    libinit.o(.ARM.Collect$$libinit$$00000000) refers (Special) to libinit2.o(.ARM.Collect$$libinit$$00000033) for __rt_lib_init_return
    libinit.o(.ARM.Collect$$libinit$$00000000) refers (Special) to libinit2.o(.ARM.Collect$$libinit$$0000001D) for __rt_lib_init_signal_1
    libinit.o(.ARM.Collect$$libinit$$00000000) refers (Special) to libinit2.o(.ARM.Collect$$libinit$$00000025) for __rt_lib_init_stdio_1
    libinit.o(.ARM.Collect$$libinit$$00000000) refers (Special) to libinit2.o(.ARM.Collect$$libinit$$0000000C) for __rt_lib_init_user_alloc_1
    libinit2.o(.ARM.Collect$$libinit$$0000000F) refers (Weak) to rt_locale_intlibspace.o(.text) for __rt_locale
    libinit2.o(.ARM.Collect$$libinit$$00000010) refers to libinit2.o(.ARM.Collect$$libinit$$0000000F) for .ARM.Collect$$libinit$$0000000F
    libinit2.o(.ARM.Collect$$libinit$$00000012) refers to libinit2.o(.ARM.Collect$$libinit$$0000000F) for .ARM.Collect$$libinit$$0000000F
    libinit2.o(.ARM.Collect$$libinit$$00000014) refers to libinit2.o(.ARM.Collect$$libinit$$0000000F) for .ARM.Collect$$libinit$$0000000F
    libinit2.o(.ARM.Collect$$libinit$$00000016) refers to libinit2.o(.ARM.Collect$$libinit$$0000000F) for .ARM.Collect$$libinit$$0000000F
    libinit2.o(.ARM.Collect$$libinit$$00000016) refers (Weak) to lc_numeric_c.o(locale$$code) for _get_lc_numeric
    libinit2.o(.ARM.Collect$$libinit$$00000018) refers to libinit2.o(.ARM.Collect$$libinit$$0000000F) for .ARM.Collect$$libinit$$0000000F
    libinit2.o(.ARM.Collect$$libinit$$00000026) refers to argv_veneer.o(.text) for __ARM_argv_veneer
    libinit2.o(.ARM.Collect$$libinit$$00000027) refers to argv_veneer.o(.text) for __ARM_argv_veneer
    retnan.o(.text) refers (Special) to usenofp.o(x$fpl$usenofp) for __I$use$fp
    retnan.o(.text) refers to cmpret.o(.text) for __fpl_cmpreturn
    rtexit.o(.ARM.Collect$$rtexit$$00000000) refers (Special) to rtexit2.o(.ARM.Collect$$rtexit$$00000004) for __rt_exit_exit
    rtexit.o(.ARM.Collect$$rtexit$$00000000) refers (Special) to rtexit2.o(.ARM.Collect$$rtexit$$00000003) for __rt_exit_ls
    rtexit.o(.ARM.Collect$$rtexit$$00000000) refers (Special) to rtexit2.o(.ARM.Collect$$rtexit$$00000002) for __rt_exit_prels_1
    rtexit.o(.ARM.exidx) refers (Special) to rtexit2.o(.ARM.Collect$$rtexit$$00000004) for __rt_exit_exit
    rtexit.o(.ARM.exidx) refers (Special) to rtexit2.o(.ARM.Collect$$rtexit$$00000003) for __rt_exit_ls
    rtexit.o(.ARM.exidx) refers (Special) to rtexit2.o(.ARM.Collect$$rtexit$$00000002) for __rt_exit_prels_1
    rtexit.o(.ARM.exidx) refers to rtexit.o(.ARM.Collect$$rtexit$$00000000) for .ARM.Collect$$rtexit$$00000000
    rt_raise.o(.text) refers to __raise.o(.text) for __raise
    rt_raise.o(.text) refers to sys_exit.o(.text) for _sys_exit
    defsig_exit.o(.text) refers to sys_exit.o(.text) for _sys_exit
    defsig_fpe_inner.o(.text) refers to defsig_general.o(.text) for __default_signal_display
    sys_exit.o(.text) refers (Special) to use_no_semi.o(.text) for __I$use$semihosting
    sys_exit.o(.text) refers (Special) to indicate_semi.o(.text) for __semihosting_library_function
    rtexit2.o(.ARM.Collect$$rtexit$$00000003) refers to libshutdown.o(.ARM.Collect$$libshutdown$$00000000) for __rt_lib_shutdown
    rtexit2.o(.ARM.Collect$$rtexit$$00000004) refers to sys_exit.o(.text) for _sys_exit
    rtexit2.o(.ARM.exidx) refers to rtexit2.o(.ARM.Collect$$rtexit$$00000001) for .ARM.Collect$$rtexit$$00000001
    rtexit2.o(.ARM.exidx) refers to rtexit2.o(.ARM.Collect$$rtexit$$00000003) for .ARM.Collect$$rtexit$$00000003
    rtexit2.o(.ARM.exidx) refers to rtexit2.o(.ARM.Collect$$rtexit$$00000004) for .ARM.Collect$$rtexit$$00000004
    __raise.o(.text) refers to defsig.o(CL$$defsig) for __default_signal_handler
    defsig_general.o(.text) refers to sys_wrch.o(.text) for _ttywrch
    _get_argv_nomalloc.o(.text) refers (Special) to hrguard.o(.text) for __heap_region$guard
    _get_argv_nomalloc.o(.text) refers to defsig_rtmem_outer.o(.text) for __rt_SIGRTMEM
    _get_argv_nomalloc.o(.text) refers to sys_command.o(.text) for _sys_command_string
    sys_wrch.o(.text) refers (Special) to use_no_semi.o(.text) for __I$use$semihosting
    sys_wrch.o(.text) refers (Special) to indicate_semi.o(.text) for __semihosting_library_function
    sys_command.o(.text) refers (Special) to use_no_semi.o(.text) for __I$use$semihosting
    sys_command.o(.text) refers (Special) to indicate_semi.o(.text) for __semihosting_library_function
    defsig_rtmem_outer.o(.text) refers to defsig_rtmem_inner.o(.text) for __rt_SIGRTMEM_inner
    defsig_rtmem_outer.o(.text) refers to defsig_exit.o(.text) for __sig_exit
    defsig_rtmem_formal.o(.text) refers to rt_raise.o(.text) for __rt_raise
    defsig.o(CL$$defsig) refers to defsig_fpe_inner.o(.text) for __rt_SIGFPE_inner
    defsig.o(CL$$defsig) refers to defsig_rtmem_inner.o(.text) for __rt_SIGRTMEM_inner
    libshutdown.o(.ARM.Collect$$libshutdown$$00000000) refers (Special) to libshutdown2.o(.ARM.Collect$$libshutdown$$00000004) for __rt_lib_shutdown_cpp_1
    libshutdown.o(.ARM.Collect$$libshutdown$$00000000) refers (Special) to libshutdown2.o(.ARM.Collect$$libshutdown$$00000002) for __rt_lib_shutdown_fini_1
    libshutdown.o(.ARM.Collect$$libshutdown$$00000000) refers (Special) to libshutdown2.o(.ARM.Collect$$libshutdown$$00000009) for __rt_lib_shutdown_fp_trap_1
    libshutdown.o(.ARM.Collect$$libshutdown$$00000000) refers (Special) to libshutdown2.o(.ARM.Collect$$libshutdown$$00000011) for __rt_lib_shutdown_heap_1
    libshutdown.o(.ARM.Collect$$libshutdown$$00000000) refers (Special) to libshutdown2.o(.ARM.Collect$$libshutdown$$00000012) for __rt_lib_shutdown_return
    libshutdown.o(.ARM.Collect$$libshutdown$$00000000) refers (Special) to libshutdown2.o(.ARM.Collect$$libshutdown$$0000000C) for __rt_lib_shutdown_signal_1
    libshutdown.o(.ARM.Collect$$libshutdown$$00000000) refers (Special) to libshutdown2.o(.ARM.Collect$$libshutdown$$00000006) for __rt_lib_shutdown_stdio_1
    libshutdown.o(.ARM.Collect$$libshutdown$$00000000) refers (Special) to libshutdown2.o(.ARM.Collect$$libshutdown$$0000000E) for __rt_lib_shutdown_user_alloc_1
    defsig_abrt_inner.o(.text) refers to defsig_general.o(.text) for __default_signal_display
    defsig_rtred_inner.o(.text) refers to defsig_general.o(.text) for __default_signal_display
    defsig_rtmem_inner.o(.text) refers to defsig_general.o(.text) for __default_signal_display
    defsig_stak_inner.o(.text) refers to defsig_general.o(.text) for __default_signal_display
    defsig_pvfn_inner.o(.text) refers to defsig_general.o(.text) for __default_signal_display
    defsig_cppl_inner.o(.text) refers to defsig_general.o(.text) for __default_signal_display
    defsig_segv_inner.o(.text) refers to defsig_general.o(.text) for __default_signal_display
    defsig_other.o(.text) refers to defsig_general.o(.text) for __default_signal_display


==============================================================================

Removing Unused input sections from the image.

    Removing adc.o(.rev16_text), (4 bytes).
    Removing adc.o(.revsh_text), (4 bytes).
    Removing i2c.o(.rev16_text), (4 bytes).
    Removing i2c.o(.revsh_text), (4 bytes).
    Removing lcd1602.o(.rev16_text), (4 bytes).
    Removing lcd1602.o(.revsh_text), (4 bytes).
    Removing main.o(.rev16_text), (4 bytes).
    Removing main.o(.revsh_text), (4 bytes).
    Removing pit.o(.rev16_text), (4 bytes).
    Removing pit.o(.revsh_text), (4 bytes).
    Removing klaw.o(.rev16_text), (4 bytes).
    Removing klaw.o(.revsh_text), (4 bytes).
    Removing uart0.o(.rev16_text), (4 bytes).
    Removing uart0.o(.revsh_text), (4 bytes).
    Removing tpm_pcm.o(.rev16_text), (4 bytes).
    Removing tpm_pcm.o(.revsh_text), (4 bytes).
    Removing system_mkl05z4.o(.rev16_text), (4 bytes).
    Removing system_mkl05z4.o(.revsh_text), (4 bytes).

18 unused section(s) (total 72 bytes) removed from the image.

==============================================================================

Image Symbol Table

    Local Symbols

    Symbol Name                              Value     Ov Type        Size  Object(Section)

    RESET                                    0x00000000   Section      192  startup_mkl05z4.o(RESET)
    ../clib/../cmprslib/zerorunl2.c          0x00000000   Number         0  __dczerorl2.o ABSOLUTE
    ../clib/angel/boardlib.s                 0x00000000   Number         0  boardinit2.o ABSOLUTE
    ../clib/angel/boardlib.s                 0x00000000   Number         0  boardinit3.o ABSOLUTE
    ../clib/angel/boardlib.s                 0x00000000   Number         0  boardshut.o ABSOLUTE
    ../clib/angel/boardlib.s                 0x00000000   Number         0  boardinit1.o ABSOLUTE
    ../clib/angel/handlers.s                 0x00000000   Number         0  __scatter_zi.o ABSOLUTE
    ../clib/angel/kernel.s                   0x00000000   Number         0  rtexit2.o ABSOLUTE
    ../clib/angel/kernel.s                   0x00000000   Number         0  __rtentry2.o ABSOLUTE
    ../clib/angel/kernel.s                   0x00000000   Number         0  __rtentry4.o ABSOLUTE
    ../clib/angel/kernel.s                   0x00000000   Number         0  rtexit.o ABSOLUTE
    ../clib/angel/kernel.s                   0x00000000   Number         0  __rtentry.o ABSOLUTE
    ../clib/angel/rt.s                       0x00000000   Number         0  rt_locale_intlibspace.o ABSOLUTE
    ../clib/angel/rt.s                       0x00000000   Number         0  rt_raise.o ABSOLUTE
    ../clib/angel/rt.s                       0x00000000   Number         0  rt_locale.o ABSOLUTE
    ../clib/angel/rt.s                       0x00000000   Number         0  rt_div0.o ABSOLUTE
    ../clib/angel/rt.s                       0x00000000   Number         0  aeabi_idiv0.o ABSOLUTE
    ../clib/angel/rt.s                       0x00000000   Number         0  aeabi_idiv0_sigfpe.o ABSOLUTE
    ../clib/angel/scatterp.s                 0x00000000   Number         0  __scatter.o ABSOLUTE
    ../clib/angel/startup.s                  0x00000000   Number         0  __main.o ABSOLUTE
    ../clib/angel/sys.s                      0x00000000   Number         0  tempstk.o ABSOLUTE
    ../clib/angel/sys.s                      0x00000000   Number         0  indicate_semi.o ABSOLUTE
    ../clib/angel/sys.s                      0x00000000   Number         0  libspace.o ABSOLUTE
    ../clib/angel/sys.s                      0x00000000   Number         0  sys_stackheap_outer.o ABSOLUTE
    ../clib/angel/sys.s                      0x00000000   Number         0  use_no_semi.o ABSOLUTE
    ../clib/angel/sysapp.c                   0x00000000   Number         0  sys_exit.o ABSOLUTE
    ../clib/angel/sysapp.c                   0x00000000   Number         0  sys_command.o ABSOLUTE
    ../clib/angel/sysapp.c                   0x00000000   Number         0  sys_wrch.o ABSOLUTE
    ../clib/armsys.c                         0x00000000   Number         0  _get_argv_nomalloc.o ABSOLUTE
    ../clib/armsys.c                         0x00000000   Number         0  argv_veneer.o ABSOLUTE
    ../clib/armsys.c                         0x00000000   Number         0  no_argv.o ABSOLUTE
    ../clib/bigflt.c                         0x00000000   Number         0  bigflt0.o ABSOLUTE
    ../clib/btod.c                           0x00000000   Number         0  btod.o ABSOLUTE
    ../clib/division.c                       0x00000000   Number         0  rtudiv10.o ABSOLUTE
    ../clib/division.c                       0x00000000   Number         0  lludiv10.o ABSOLUTE
    ../clib/division.s                       0x00000000   Number         0  aeabi_sdiv_div0.o ABSOLUTE
    ../clib/division.s                       0x00000000   Number         0  aeabi_sdiv.o ABSOLUTE
    ../clib/heapalloc.c                      0x00000000   Number         0  hrguard.o ABSOLUTE
    ../clib/heapaux.c                        0x00000000   Number         0  heapauxi.o ABSOLUTE
    ../clib/libinit.s                        0x00000000   Number         0  libshutdown.o ABSOLUTE
    ../clib/libinit.s                        0x00000000   Number         0  libshutdown2.o ABSOLUTE
    ../clib/libinit.s                        0x00000000   Number         0  libinit2.o ABSOLUTE
    ../clib/libinit.s                        0x00000000   Number         0  libinit.o ABSOLUTE
    ../clib/locale.s                         0x00000000   Number         0  lc_numeric_c.o ABSOLUTE
    ../clib/memcpset.c                       0x00000000   Number         0  rt_memclr.o ABSOLUTE
    ../clib/misc.s                           0x00000000   Number         0  printf_stubs.o ABSOLUTE
    ../clib/printf.c                         0x00000000   Number         0  __printf_ss_wp.o ABSOLUTE
    ../clib/printf.c                         0x00000000   Number         0  __printf.o ABSOLUTE
    ../clib/printf.c                         0x00000000   Number         0  _printf_pad.o ABSOLUTE
    ../clib/printf.c                         0x00000000   Number         0  _printf_dec.o ABSOLUTE
    ../clib/printf.c                         0x00000000   Number         0  _printf_fp_infnan.o ABSOLUTE
    ../clib/printf.c                         0x00000000   Number         0  __printf_flags.o ABSOLUTE
    ../clib/printf.c                         0x00000000   Number         0  __printf_ss.o ABSOLUTE
    ../clib/printf.c                         0x00000000   Number         0  __printf_flags_ss.o ABSOLUTE
    ../clib/printf.c                         0x00000000   Number         0  __printf_wp.o ABSOLUTE
    ../clib/printf.c                         0x00000000   Number         0  __2sprintf.o ABSOLUTE
    ../clib/printf.c                         0x00000000   Number         0  noretval__2sprintf.o ABSOLUTE
    ../clib/printf.c                         0x00000000   Number         0  __printf_flags_wp.o ABSOLUTE
    ../clib/printf.c                         0x00000000   Number         0  _printf_fp_dec.o ABSOLUTE
    ../clib/printf.c                         0x00000000   Number         0  _printf_intcommon.o ABSOLUTE
    ../clib/printf.c                         0x00000000   Number         0  __printf_flags_ss_wp.o ABSOLUTE
    ../clib/printf.c                         0x00000000   Number         0  __printf_nopercent.o ABSOLUTE
    ../clib/printf.c                         0x00000000   Number         0  _printf_char_common.o ABSOLUTE
    ../clib/printf.c                         0x00000000   Number         0  _sputc.o ABSOLUTE
    ../clib/printf_percent.s                 0x00000000   Number         0  _printf_percent.o ABSOLUTE
    ../clib/printf_percent.s                 0x00000000   Number         0  _printf_d.o ABSOLUTE
    ../clib/printf_percent.s                 0x00000000   Number         0  _printf_percent_end.o ABSOLUTE
    ../clib/printf_percent.s                 0x00000000   Number         0  _printf_f.o ABSOLUTE
    ../clib/signal.c                         0x00000000   Number         0  defsig_rtred_inner.o ABSOLUTE
    ../clib/signal.c                         0x00000000   Number         0  defsig_abrt_inner.o ABSOLUTE
    ../clib/signal.c                         0x00000000   Number         0  defsig_rtmem_formal.o ABSOLUTE
    ../clib/signal.c                         0x00000000   Number         0  defsig_rtmem_outer.o ABSOLUTE
    ../clib/signal.c                         0x00000000   Number         0  defsig_general.o ABSOLUTE
    ../clib/signal.c                         0x00000000   Number         0  __raise.o ABSOLUTE
    ../clib/signal.c                         0x00000000   Number         0  defsig_fpe_inner.o ABSOLUTE
    ../clib/signal.c                         0x00000000   Number         0  defsig_exit.o ABSOLUTE
    ../clib/signal.c                         0x00000000   Number         0  defsig_other.o ABSOLUTE
    ../clib/signal.c                         0x00000000   Number         0  defsig_segv_inner.o ABSOLUTE
    ../clib/signal.c                         0x00000000   Number         0  defsig_cppl_inner.o ABSOLUTE
    ../clib/signal.c                         0x00000000   Number         0  defsig_pvfn_inner.o ABSOLUTE
    ../clib/signal.c                         0x00000000   Number         0  defsig_stak_inner.o ABSOLUTE
    ../clib/signal.c                         0x00000000   Number         0  defsig_fpe_formal.o ABSOLUTE
    ../clib/signal.c                         0x00000000   Number         0  defsig_fpe_outer.o ABSOLUTE
    ../clib/signal.c                         0x00000000   Number         0  defsig_rtmem_inner.o ABSOLUTE
    ../clib/signal.s                         0x00000000   Number         0  defsig.o ABSOLUTE
    ../clib/stdlib.c                         0x00000000   Number         0  exit.o ABSOLUTE
    ../clib/string.c                         0x00000000   Number         0  strcmp.o ABSOLUTE
    ../fplib/cfplib/cmpret.c                 0x00000000   Number         0  cmpret.o ABSOLUTE
    ../fplib/cfplib/dcmpin.c                 0x00000000   Number         0  dcmpin.o ABSOLUTE
    ../fplib/cfplib/f2d.c                    0x00000000   Number         0  f2d.o ABSOLUTE
    ../fplib/cfplib/fcmpin.c                 0x00000000   Number         0  fcmpin.o ABSOLUTE
    ../fplib/cfplib/fdiv.c                   0x00000000   Number         0  fdiv.o ABSOLUTE
    ../fplib/cfplib/fflt.c                   0x00000000   Number         0  fflti.o ABSOLUTE
    ../fplib/cfplib/fpinit.c                 0x00000000   Number         0  fpinit.o ABSOLUTE
    ../fplib/cfplib/ieee_status.c            0x00000000   Number         0  ieee_status.o ABSOLUTE
    ../fplib/cfplib/nan2.c                   0x00000000   Number         0  dnan2.o ABSOLUTE
    ../fplib/cfplib/nan2.c                   0x00000000   Number         0  fnan2.o ABSOLUTE
    ../fplib/cfplib/retnan.c                 0x00000000   Number         0  retnan.o ABSOLUTE
    ../fplib/drleqf6m.s                      0x00000000   Number         0  drlef.o ABSOLUTE
    ../fplib/faddsub6m.s                     0x00000000   Number         0  faddsub.o ABSOLUTE
    ../fplib/feqf6m.s                        0x00000000   Number         0  feqf.o ABSOLUTE
    ../fplib/fmul6m.s                        0x00000000   Number         0  fmul.o ABSOLUTE
    ../fplib/printf1.s                       0x00000000   Number         0  printf1.o ABSOLUTE
    ../fplib/usenofp.s                       0x00000000   Number         0  usenofp.o ABSOLUTE
    ../mathlib/fpclassify.c                  0x00000000   Number         0  fpclassify.o ABSOLUTE
    ADC.c                                    0x00000000   Number         0  adc.o ABSOLUTE
    ADC.c                                    0x00000000   Number         0  adc.o ABSOLUTE
    RTE\Device\MKL05Z32xxx4\startup_MKL05Z4.s 0x00000000   Number         0  startup_mkl05z4.o ABSOLUTE
    RTE\Device\MKL05Z32xxx4\system_MKL05Z4.c 0x00000000   Number         0  system_mkl05z4.o ABSOLUTE
    RTE\\Device\\MKL05Z32xxx4\\system_MKL05Z4.c 0x00000000   Number         0  system_mkl05z4.o ABSOLUTE
    dc.s                                     0x00000000   Number         0  dc.o ABSOLUTE
    i2c.c                                    0x00000000   Number         0  i2c.o ABSOLUTE
    i2c.c                                    0x00000000   Number         0  i2c.o ABSOLUTE
    klaw.c                                   0x00000000   Number         0  klaw.o ABSOLUTE
    klaw.c                                   0x00000000   Number         0  klaw.o ABSOLUTE
    lcd1602.c                                0x00000000   Number         0  lcd1602.o ABSOLUTE
    lcd1602.c                                0x00000000   Number         0  lcd1602.o ABSOLUTE
    main.c                                   0x00000000   Number         0  main.o ABSOLUTE
    main.c                                   0x00000000   Number         0  main.o ABSOLUTE
    pit.c                                    0x00000000   Number         0  pit.o ABSOLUTE
    pit.c                                    0x00000000   Number         0  pit.o ABSOLUTE
    tpm_pcm.c                                0x00000000   Number         0  tpm_pcm.o ABSOLUTE
    tpm_pcm.c                                0x00000000   Number         0  tpm_pcm.o ABSOLUTE
    uart0.c                                  0x00000000   Number         0  uart0.o ABSOLUTE
    uart0.c                                  0x00000000   Number         0  uart0.o ABSOLUTE
    !!!main                                  0x000000c0   Section        8  __main.o(!!!main)
    !!!scatter                               0x000000c8   Section       60  __scatter.o(!!!scatter)
    !!handler_zi                             0x00000104   Section       28  __scatter_zi.o(!!handler_zi)
    .ARM.Collect$$_printf_percent$$00000000  0x00000120   Section        2  _printf_percent.o(.ARM.Collect$$_printf_percent$$00000000)
    .ARM.Collect$$_printf_percent$$00000003  0x00000122   Section       10  _printf_f.o(.ARM.Collect$$_printf_percent$$00000003)
    .ARM.Collect$$_printf_percent$$00000009  0x0000012c   Section       10  _printf_d.o(.ARM.Collect$$_printf_percent$$00000009)
    .ARM.Collect$$_printf_percent$$00000017  0x00000136   Section        4  _printf_percent_end.o(.ARM.Collect$$_printf_percent$$00000017)
    .ARM.Collect$$libinit$$00000000          0x0000013a   Section        2  libinit.o(.ARM.Collect$$libinit$$00000000)
    .ARM.Collect$$libinit$$00000002          0x0000013c   Section        0  libinit2.o(.ARM.Collect$$libinit$$00000002)
    .ARM.Collect$$libinit$$00000004          0x0000013c   Section        0  libinit2.o(.ARM.Collect$$libinit$$00000004)
    .ARM.Collect$$libinit$$0000000A          0x0000013c   Section        0  libinit2.o(.ARM.Collect$$libinit$$0000000A)
    .ARM.Collect$$libinit$$0000000C          0x0000013c   Section        0  libinit2.o(.ARM.Collect$$libinit$$0000000C)
    .ARM.Collect$$libinit$$0000000E          0x0000013c   Section        0  libinit2.o(.ARM.Collect$$libinit$$0000000E)
    .ARM.Collect$$libinit$$0000000F          0x0000013c   Section        6  libinit2.o(.ARM.Collect$$libinit$$0000000F)
    .ARM.Collect$$libinit$$00000011          0x00000142   Section        0  libinit2.o(.ARM.Collect$$libinit$$00000011)
    .ARM.Collect$$libinit$$00000013          0x00000142   Section        0  libinit2.o(.ARM.Collect$$libinit$$00000013)
    .ARM.Collect$$libinit$$00000015          0x00000142   Section        0  libinit2.o(.ARM.Collect$$libinit$$00000015)
    .ARM.Collect$$libinit$$00000016          0x00000142   Section       10  libinit2.o(.ARM.Collect$$libinit$$00000016)
    .ARM.Collect$$libinit$$00000017          0x0000014c   Section        0  libinit2.o(.ARM.Collect$$libinit$$00000017)
    .ARM.Collect$$libinit$$00000019          0x0000014c   Section        0  libinit2.o(.ARM.Collect$$libinit$$00000019)
    .ARM.Collect$$libinit$$0000001B          0x0000014c   Section        0  libinit2.o(.ARM.Collect$$libinit$$0000001B)
    .ARM.Collect$$libinit$$0000001D          0x0000014c   Section        0  libinit2.o(.ARM.Collect$$libinit$$0000001D)
    .ARM.Collect$$libinit$$0000001F          0x0000014c   Section        0  libinit2.o(.ARM.Collect$$libinit$$0000001F)
    .ARM.Collect$$libinit$$00000021          0x0000014c   Section        0  libinit2.o(.ARM.Collect$$libinit$$00000021)
    .ARM.Collect$$libinit$$00000023          0x0000014c   Section        0  libinit2.o(.ARM.Collect$$libinit$$00000023)
    .ARM.Collect$$libinit$$00000025          0x0000014c   Section        0  libinit2.o(.ARM.Collect$$libinit$$00000025)
    .ARM.Collect$$libinit$$0000002C          0x0000014c   Section        0  libinit2.o(.ARM.Collect$$libinit$$0000002C)
    .ARM.Collect$$libinit$$0000002E          0x0000014c   Section        0  libinit2.o(.ARM.Collect$$libinit$$0000002E)
    .ARM.Collect$$libinit$$00000030          0x0000014c   Section        0  libinit2.o(.ARM.Collect$$libinit$$00000030)
    .ARM.Collect$$libinit$$00000032          0x0000014c   Section        0  libinit2.o(.ARM.Collect$$libinit$$00000032)
    .ARM.Collect$$libinit$$00000033          0x0000014c   Section        2  libinit2.o(.ARM.Collect$$libinit$$00000033)
    .ARM.Collect$$libshutdown$$00000000      0x0000014e   Section        2  libshutdown.o(.ARM.Collect$$libshutdown$$00000000)
    .ARM.Collect$$libshutdown$$00000002      0x00000150   Section        0  libshutdown2.o(.ARM.Collect$$libshutdown$$00000002)
    .ARM.Collect$$libshutdown$$00000004      0x00000150   Section        0  libshutdown2.o(.ARM.Collect$$libshutdown$$00000004)
    .ARM.Collect$$libshutdown$$00000006      0x00000150   Section        0  libshutdown2.o(.ARM.Collect$$libshutdown$$00000006)
    .ARM.Collect$$libshutdown$$00000009      0x00000150   Section        0  libshutdown2.o(.ARM.Collect$$libshutdown$$00000009)
    .ARM.Collect$$libshutdown$$0000000C      0x00000150   Section        0  libshutdown2.o(.ARM.Collect$$libshutdown$$0000000C)
    .ARM.Collect$$libshutdown$$0000000E      0x00000150   Section        0  libshutdown2.o(.ARM.Collect$$libshutdown$$0000000E)
    .ARM.Collect$$libshutdown$$00000011      0x00000150   Section        0  libshutdown2.o(.ARM.Collect$$libshutdown$$00000011)
    .ARM.Collect$$libshutdown$$00000012      0x00000150   Section        2  libshutdown2.o(.ARM.Collect$$libshutdown$$00000012)
    .ARM.Collect$$rtentry$$00000000          0x00000152   Section        0  __rtentry.o(.ARM.Collect$$rtentry$$00000000)
    .ARM.Collect$$rtentry$$00000002          0x00000152   Section        0  __rtentry2.o(.ARM.Collect$$rtentry$$00000002)
    .ARM.Collect$$rtentry$$00000004          0x00000152   Section        6  __rtentry4.o(.ARM.Collect$$rtentry$$00000004)
    .ARM.Collect$$rtentry$$00000009          0x00000158   Section        0  __rtentry2.o(.ARM.Collect$$rtentry$$00000009)
    .ARM.Collect$$rtentry$$0000000A          0x00000158   Section        4  __rtentry2.o(.ARM.Collect$$rtentry$$0000000A)
    .ARM.Collect$$rtentry$$0000000C          0x0000015c   Section        0  __rtentry2.o(.ARM.Collect$$rtentry$$0000000C)
    .ARM.Collect$$rtentry$$0000000D          0x0000015c   Section        8  __rtentry2.o(.ARM.Collect$$rtentry$$0000000D)
    .ARM.Collect$$rtexit$$00000000           0x00000164   Section        2  rtexit.o(.ARM.Collect$$rtexit$$00000000)
    .ARM.Collect$$rtexit$$00000002           0x00000166   Section        0  rtexit2.o(.ARM.Collect$$rtexit$$00000002)
    .ARM.Collect$$rtexit$$00000003           0x00000166   Section        4  rtexit2.o(.ARM.Collect$$rtexit$$00000003)
    .ARM.Collect$$rtexit$$00000004           0x0000016a   Section        6  rtexit2.o(.ARM.Collect$$rtexit$$00000004)
    .text                                    0x00000170   Section        0  adc.o(.text)
    .text                                    0x0000029c   Section        0  pit.o(.text)
    .text                                    0x00000318   Section        0  uart0.o(.text)
    .text                                    0x000003dc   Section        0  heapauxi.o(.text)
    .text                                    0x000003e2   Section        0  _sputc.o(.text)
    .text                                    0x000003ec   Section        8  rt_locale_intlibspace.o(.text)
    .text                                    0x000003f4   Section        8  libspace.o(.text)
    .text                                    0x000003fc   Section        2  use_no_semi.o(.text)
    .text                                    0x000003fe   Section        0  indicate_semi.o(.text)
    x$fpl$usenofp                            0x000003fe   Section        0  usenofp.o(x$fpl$usenofp)
    .ARM.__at_0x400                          0x00000400   Section       16  startup_mkl05z4.o(.ARM.__at_0x400)
    .text                                    0x00000410   Section        0  i2c.o(.text)
    .text                                    0x0000079c   Section        0  lcd1602.o(.text)
    .text                                    0x00000c2c   Section        0  main.o(.text)
    __NVIC_SetPriority                       0x0000181d   Thumb Code   110  main.o(.text)
    .text                                    0x00001908   Section        0  klaw.o(.text)
    .text                                    0x000019f4   Section        0  tpm_pcm.o(.text)
    __NVIC_SetPriority                       0x00001b65   Thumb Code   110  tpm_pcm.o(.text)
    .text                                    0x00001c10   Section       52  startup_mkl05z4.o(.text)
    .text                                    0x00001c44   Section        0  system_mkl05z4.o(.text)
    .text                                    0x00001db0   Section        0  noretval__2sprintf.o(.text)
    .text                                    0x00001dd8   Section        0  _printf_pad.o(.text)
    .text                                    0x00001e28   Section        0  _printf_dec.o(.text)
    .text                                    0x00001e94   Section        0  __printf_wp.o(.text)
    .text                                    0x00001fa2   Section        0  rt_memclr.o(.text)
    .text                                    0x00001fe4   Section        0  strcmp.o(.text)
    .text                                    0x0000206c   Section      346  aeabi_sdiv.o(.text)
    .text                                    0x000021c8   Section        0  f2d.o(.text)
    .text                                    0x0000221c   Section        0  fdiv.o(.text)
    .text                                    0x0000237c   Section        0  fflti.o(.text)
    .text                                    0x000023da   Section        0  _printf_intcommon.o(.text)
    .text                                    0x0000248c   Section        0  _printf_fp_dec.o(.text)
    _fp_digits                               0x0000248f   Thumb Code   412  _printf_fp_dec.o(.text)
    .text                                    0x000028a4   Section        0  _printf_char_common.o(.text)
    _printf_input_char                       0x000028a5   Thumb Code    10  _printf_char_common.o(.text)
    .text                                    0x000028d4   Section        0  rtudiv10.o(.text)
    .text                                    0x000028fc   Section        0  dcmpin.o(.text)
    .text                                    0x0000298c   Section        0  fcmpin.o(.text)
    .text                                    0x000029f0   Section        0  lludiv10.o(.text)
    .text                                    0x00002a6c   Section        0  _printf_fp_infnan.o(.text)
    .text                                    0x00002af4   Section        0  bigflt0.o(.text)
    .text                                    0x00002bcc   Section        0  btod.o(.text)
    btod_internal_mul                        0x00002c0d   Thumb Code   492  btod.o(.text)
    btod_internal_div                        0x00002df9   Thumb Code   520  btod.o(.text)
    .text                                    0x0000314c   Section        0  cmpret.o(.text)
    .text                                    0x0000317c   Section        0  dnan2.o(.text)
    .text                                    0x00003190   Section        0  fnan2.o(.text)
    .text                                    0x000031a0   Section       62  sys_stackheap_outer.o(.text)
    .text                                    0x000031de   Section        0  exit.o(.text)
    .text                                    0x000031ee   Section        0  retnan.o(.text)
    .text                                    0x0000324c   Section        0  sys_exit.o(.text)
    .text                                    0x00003258   Section        0  __dczerorl2.o(.text)
    i.__ARM_common_ll_muluu                  0x000032ae   Section        0  btod.o(i.__ARM_common_ll_muluu)
    i.__ARM_common_switch8                   0x000032de   Section        0  system_mkl05z4.o(i.__ARM_common_switch8)
    i.__ARM_fpclassify                       0x000032fc   Section        0  fpclassify.o(i.__ARM_fpclassify)
    i._is_digit                              0x00003328   Section        0  __printf_wp.o(i._is_digit)
    locale$$code                             0x00003338   Section       44  lc_numeric_c.o(locale$$code)
    x$fpl$drleqf                             0x00003364   Section      104  drlef.o(x$fpl$drleqf)
    x$fpl$fadd                               0x000033cc   Section      140  faddsub.o(x$fpl$fadd)
    _fadd1                                   0x000033d9   Thumb Code     0  faddsub.o(x$fpl$fadd)
    x$fpl$feqf                               0x00003458   Section       84  feqf.o(x$fpl$feqf)
    x$fpl$fmul                               0x000034ac   Section      176  fmul.o(x$fpl$fmul)
    x$fpl$fsub                               0x0000355c   Section      208  faddsub.o(x$fpl$fsub)
    _fsub1                                   0x00003569   Thumb Code     0  faddsub.o(x$fpl$fsub)
    x$fpl$printf1                            0x0000362c   Section       16  printf1.o(x$fpl$printf1)
    .constdata                               0x0000363c   Section    17278  tpm_pcm.o(.constdata)
    A                                        0x0000363c   Data         250  tpm_pcm.o(.constdata)
    B                                        0x00003736   Data        1000  tpm_pcm.o(.constdata)
    C                                        0x00003b1e   Data        1000  tpm_pcm.o(.constdata)
    D                                        0x00003f06   Data        1000  tpm_pcm.o(.constdata)
    E                                        0x000042ee   Data         250  tpm_pcm.o(.constdata)
    F                                        0x000043e8   Data        1100  tpm_pcm.o(.constdata)
    G                                        0x00004834   Data        1188  tpm_pcm.o(.constdata)
    H                                        0x00004cd8   Data        1167  tpm_pcm.o(.constdata)
    I                                        0x00005167   Data        1112  tpm_pcm.o(.constdata)
    J                                        0x000055bf   Data        1341  tpm_pcm.o(.constdata)
    K                                        0x00005afc   Data        1011  tpm_pcm.o(.constdata)
    L                                        0x00005eef   Data        1111  tpm_pcm.o(.constdata)
    M                                        0x00006346   Data        1053  tpm_pcm.o(.constdata)
    N                                        0x00006763   Data        1136  tpm_pcm.o(.constdata)
    O                                        0x00006bd3   Data         250  tpm_pcm.o(.constdata)
    P                                        0x00006ccd   Data        1152  tpm_pcm.o(.constdata)
    Q                                        0x0000714d   Data           1  tpm_pcm.o(.constdata)
    R                                        0x0000714e   Data        1053  tpm_pcm.o(.constdata)
    S                                        0x0000756b   Data        1050  tpm_pcm.o(.constdata)
    samples                                  0x00007986   Data          52  tpm_pcm.o(.constdata)
    .constdata                               0x000079ba   Section       64  fdiv.o(.constdata)
    fdiv_tab                                 0x000079ba   Data          64  fdiv.o(.constdata)
    .constdata                               0x000079fc   Section      148  bigflt0.o(.constdata)
    tenpwrs_x                                0x000079fc   Data          60  bigflt0.o(.constdata)
    tenpwrs_i                                0x00007a38   Data          64  bigflt0.o(.constdata)
    .conststring                             0x00007a90   Section      552  main.o(.conststring)
    locale$$data                             0x00007cd8   Section       28  lc_numeric_c.o(locale$$data)
    __lcnum_c_name                           0x00007cdc   Data           2  lc_numeric_c.o(locale$$data)
    __lcnum_c_start                          0x00007ce4   Data           0  lc_numeric_c.o(locale$$data)
    __lcnum_c_point                          0x00007cf0   Data           0  lc_numeric_c.o(locale$$data)
    __lcnum_c_thousands                      0x00007cf2   Data           0  lc_numeric_c.o(locale$$data)
    __lcnum_c_grouping                       0x00007cf3   Data           0  lc_numeric_c.o(locale$$data)
    __lcnum_c_end                            0x00007cf4   Data           0  lc_numeric_c.o(locale$$data)
    .data                                    0x1ffffc00   Section        5  i2c.o(.data)
    error                                    0x1ffffc00   Data           1  i2c.o(.data)
    timeout                                  0x1ffffc02   Data           2  i2c.o(.data)
    .data                                    0x1ffffc05   Section       74  lcd1602.o(.data)
    lcd_backlight                            0x1ffffc05   Data           1  lcd1602.o(.data)
    pcf_address                              0x1ffffc06   Data           1  lcd1602.o(.data)
    .data                                    0x1ffffc50   Section      224  main.o(.data)
    .data                                    0x1ffffd30   Section      128  tpm_pcm.o(.data)
    all_letter                               0x1ffffd30   Data         104  tpm_pcm.o(.data)
    tpm0Enabled                              0x1ffffd98   Data           1  tpm_pcm.o(.data)
    upSampleCNT                              0x1ffffd9a   Data           2  tpm_pcm.o(.data)
    sampleCNT                                0x1ffffd9c   Data           2  tpm_pcm.o(.data)
    playFlag                                 0x1ffffda0   Data           4  tpm_pcm.o(.data)
    vowelFlag                                0x1ffffda4   Data           1  tpm_pcm.o(.data)
    letter_play                              0x1ffffda8   Data           4  tpm_pcm.o(.data)
    .data                                    0x1ffffdb0   Section        4  system_mkl05z4.o(.data)
    .bss                                     0x1ffffdb4   Section       50  main.o(.bss)
    .bss                                     0x1ffffde8   Section       96  libspace.o(.bss)
    HEAP                                     0x1ffffe48   Section        0  startup_mkl05z4.o(HEAP)
    STACK                                    0x1ffffe48   Section      768  startup_mkl05z4.o(STACK)
    Heap_Mem                                 0x1ffffe48   Data           0  startup_mkl05z4.o(HEAP)
    Stack_Mem                                0x1ffffe48   Data         768  startup_mkl05z4.o(STACK)
    __initial_sp                             0x20000148   Data           0  startup_mkl05z4.o(STACK)

    Global Symbols

    Symbol Name                              Value     Ov Type        Size  Object(Section)

    BuildAttributes$$THM_ISAv3M$S$PE$A:L22$X:L11$S22$IEEE1$IW$USESV6$~STKCKD$USESV7$~SHL$OTIME$ROPI$IEEEJ$EBA8$UX$STANDARDLIB$REQ8$PRES8$EABIv2 0x00000000   Number         0  anon$$obj.o ABSOLUTE
    __ARM_use_no_argv                        0x00000000   Number         0  main.o ABSOLUTE
    __Vectors                                0x00000000   Data           4  startup_mkl05z4.o(RESET)
    _printf_flags                            0x00000000   Number         0  printf_stubs.o ABSOLUTE
    _printf_return_value                     0x00000000   Number         0  printf_stubs.o ABSOLUTE
    _printf_sizespec                         0x00000000   Number         0  printf_stubs.o ABSOLUTE
    _printf_widthprec                        0x00000000   Number         0  printf_stubs.o ABSOLUTE
    __ARM_exceptions_init                     - Undefined Weak Reference
    __alloca_initialize                       - Undefined Weak Reference
    __arm_fini_                               - Undefined Weak Reference
    __arm_preinit_                            - Undefined Weak Reference
    __cpp_initialize__aeabi_                  - Undefined Weak Reference
    __cxa_finalize                            - Undefined Weak Reference
    __sigvec_lookup                           - Undefined Weak Reference
    _atexit_init                              - Undefined Weak Reference
    _call_atexit_fns                          - Undefined Weak Reference
    _clock_init                               - Undefined Weak Reference
    _fp_trap_init                             - Undefined Weak Reference
    _fp_trap_shutdown                         - Undefined Weak Reference
    _get_lc_collate                           - Undefined Weak Reference
    _get_lc_ctype                             - Undefined Weak Reference
    _get_lc_monetary                          - Undefined Weak Reference
    _get_lc_time                              - Undefined Weak Reference
    _getenv_init                              - Undefined Weak Reference
    _handle_redirection                       - Undefined Weak Reference
    _init_alloc                               - Undefined Weak Reference
    _init_user_alloc                          - Undefined Weak Reference
    _initio                                   - Undefined Weak Reference
    _printf_truncate_signed                   - Undefined Weak Reference
    _printf_truncate_unsigned                 - Undefined Weak Reference
    _rand_init                                - Undefined Weak Reference
    _signal_finish                            - Undefined Weak Reference
    _signal_init                              - Undefined Weak Reference
    _terminate_alloc                          - Undefined Weak Reference
    _terminate_user_alloc                     - Undefined Weak Reference
    _terminateio                              - Undefined Weak Reference
    __Vectors_End                            0x000000c0   Data           0  startup_mkl05z4.o(RESET)
    __Vectors_Size                           0x000000c0   Number         0  startup_mkl05z4.o ABSOLUTE
    __main                                   0x000000c1   Thumb Code     8  __main.o(!!!main)
    __scatterload                            0x000000c9   Thumb Code     0  __scatter.o(!!!scatter)
    __scatterload_rt2                        0x000000c9   Thumb Code    52  __scatter.o(!!!scatter)
    __scatterload_rt2_thumb_only             0x000000c9   Thumb Code     0  __scatter.o(!!!scatter)
    __scatterload_null                       0x000000d9   Thumb Code     0  __scatter.o(!!!scatter)
    __scatterload_zeroinit                   0x00000105   Thumb Code    28  __scatter_zi.o(!!handler_zi)
    _printf_percent                          0x00000121   Thumb Code     0  _printf_percent.o(.ARM.Collect$$_printf_percent$$00000000)
    _printf_f                                0x00000123   Thumb Code     0  _printf_f.o(.ARM.Collect$$_printf_percent$$00000003)
    _printf_d                                0x0000012d   Thumb Code     0  _printf_d.o(.ARM.Collect$$_printf_percent$$00000009)
    _printf_percent_end                      0x00000137   Thumb Code     0  _printf_percent_end.o(.ARM.Collect$$_printf_percent$$00000017)
    __rt_lib_init                            0x0000013b   Thumb Code     0  libinit.o(.ARM.Collect$$libinit$$00000000)
    __rt_lib_init_fp_1                       0x0000013d   Thumb Code     0  libinit2.o(.ARM.Collect$$libinit$$00000002)
    __rt_lib_init_heap_1                     0x0000013d   Thumb Code     0  libinit2.o(.ARM.Collect$$libinit$$0000000A)
    __rt_lib_init_lc_common                  0x0000013d   Thumb Code     0  libinit2.o(.ARM.Collect$$libinit$$0000000F)
    __rt_lib_init_preinit_1                  0x0000013d   Thumb Code     0  libinit2.o(.ARM.Collect$$libinit$$00000004)
    __rt_lib_init_rand_1                     0x0000013d   Thumb Code     0  libinit2.o(.ARM.Collect$$libinit$$0000000E)
    __rt_lib_init_user_alloc_1               0x0000013d   Thumb Code     0  libinit2.o(.ARM.Collect$$libinit$$0000000C)
    __rt_lib_init_lc_collate_1               0x00000143   Thumb Code     0  libinit2.o(.ARM.Collect$$libinit$$00000011)
    __rt_lib_init_lc_ctype_1                 0x00000143   Thumb Code     0  libinit2.o(.ARM.Collect$$libinit$$00000013)
    __rt_lib_init_lc_monetary_1              0x00000143   Thumb Code     0  libinit2.o(.ARM.Collect$$libinit$$00000015)
    __rt_lib_init_lc_numeric_2               0x00000143   Thumb Code     0  libinit2.o(.ARM.Collect$$libinit$$00000016)
    __rt_lib_init_alloca_1                   0x0000014d   Thumb Code     0  libinit2.o(.ARM.Collect$$libinit$$0000002E)
    __rt_lib_init_argv_1                     0x0000014d   Thumb Code     0  libinit2.o(.ARM.Collect$$libinit$$0000002C)
    __rt_lib_init_atexit_1                   0x0000014d   Thumb Code     0  libinit2.o(.ARM.Collect$$libinit$$0000001B)
    __rt_lib_init_clock_1                    0x0000014d   Thumb Code     0  libinit2.o(.ARM.Collect$$libinit$$00000021)
    __rt_lib_init_cpp_1                      0x0000014d   Thumb Code     0  libinit2.o(.ARM.Collect$$libinit$$00000032)
    __rt_lib_init_exceptions_1               0x0000014d   Thumb Code     0  libinit2.o(.ARM.Collect$$libinit$$00000030)
    __rt_lib_init_fp_trap_1                  0x0000014d   Thumb Code     0  libinit2.o(.ARM.Collect$$libinit$$0000001F)
    __rt_lib_init_getenv_1                   0x0000014d   Thumb Code     0  libinit2.o(.ARM.Collect$$libinit$$00000023)
    __rt_lib_init_lc_numeric_1               0x0000014d   Thumb Code     0  libinit2.o(.ARM.Collect$$libinit$$00000017)
    __rt_lib_init_lc_time_1                  0x0000014d   Thumb Code     0  libinit2.o(.ARM.Collect$$libinit$$00000019)
    __rt_lib_init_return                     0x0000014d   Thumb Code     0  libinit2.o(.ARM.Collect$$libinit$$00000033)
    __rt_lib_init_signal_1                   0x0000014d   Thumb Code     0  libinit2.o(.ARM.Collect$$libinit$$0000001D)
    __rt_lib_init_stdio_1                    0x0000014d   Thumb Code     0  libinit2.o(.ARM.Collect$$libinit$$00000025)
    __rt_lib_shutdown                        0x0000014f   Thumb Code     0  libshutdown.o(.ARM.Collect$$libshutdown$$00000000)
    __rt_lib_shutdown_cpp_1                  0x00000151   Thumb Code     0  libshutdown2.o(.ARM.Collect$$libshutdown$$00000004)
    __rt_lib_shutdown_fini_1                 0x00000151   Thumb Code     0  libshutdown2.o(.ARM.Collect$$libshutdown$$00000002)
    __rt_lib_shutdown_fp_trap_1              0x00000151   Thumb Code     0  libshutdown2.o(.ARM.Collect$$libshutdown$$00000009)
    __rt_lib_shutdown_heap_1                 0x00000151   Thumb Code     0  libshutdown2.o(.ARM.Collect$$libshutdown$$00000011)
    __rt_lib_shutdown_return                 0x00000151   Thumb Code     0  libshutdown2.o(.ARM.Collect$$libshutdown$$00000012)
    __rt_lib_shutdown_signal_1               0x00000151   Thumb Code     0  libshutdown2.o(.ARM.Collect$$libshutdown$$0000000C)
    __rt_lib_shutdown_stdio_1                0x00000151   Thumb Code     0  libshutdown2.o(.ARM.Collect$$libshutdown$$00000006)
    __rt_lib_shutdown_user_alloc_1           0x00000151   Thumb Code     0  libshutdown2.o(.ARM.Collect$$libshutdown$$0000000E)
    __rt_entry                               0x00000153   Thumb Code     0  __rtentry.o(.ARM.Collect$$rtentry$$00000000)
    __rt_entry_presh_1                       0x00000153   Thumb Code     0  __rtentry2.o(.ARM.Collect$$rtentry$$00000002)
    __rt_entry_sh                            0x00000153   Thumb Code     0  __rtentry4.o(.ARM.Collect$$rtentry$$00000004)
    __rt_entry_li                            0x00000159   Thumb Code     0  __rtentry2.o(.ARM.Collect$$rtentry$$0000000A)
    __rt_entry_postsh_1                      0x00000159   Thumb Code     0  __rtentry2.o(.ARM.Collect$$rtentry$$00000009)
    __rt_entry_main                          0x0000015d   Thumb Code     0  __rtentry2.o(.ARM.Collect$$rtentry$$0000000D)
    __rt_entry_postli_1                      0x0000015d   Thumb Code     0  __rtentry2.o(.ARM.Collect$$rtentry$$0000000C)
    __rt_exit                                0x00000165   Thumb Code     0  rtexit.o(.ARM.Collect$$rtexit$$00000000)
    __rt_exit_ls                             0x00000167   Thumb Code     0  rtexit2.o(.ARM.Collect$$rtexit$$00000003)
    __rt_exit_prels_1                        0x00000167   Thumb Code     0  rtexit2.o(.ARM.Collect$$rtexit$$00000002)
    __rt_exit_exit                           0x0000016b   Thumb Code     0  rtexit2.o(.ARM.Collect$$rtexit$$00000004)
    ADC_Init                                 0x00000171   Thumb Code   280  adc.o(.text)
    PIT_Init                                 0x0000029d   Thumb Code   100  pit.o(.text)
    UART0_Init                               0x00000319   Thumb Code   176  uart0.o(.text)
    __use_two_region_memory                  0x000003dd   Thumb Code     2  heapauxi.o(.text)
    __rt_heap_escrow$2region                 0x000003df   Thumb Code     2  heapauxi.o(.text)
    __rt_heap_expand$2region                 0x000003e1   Thumb Code     2  heapauxi.o(.text)
    _sputc                                   0x000003e3   Thumb Code    10  _sputc.o(.text)
    __rt_locale                              0x000003ed   Thumb Code     8  rt_locale_intlibspace.o(.text)
    __user_libspace                          0x000003f5   Thumb Code     8  libspace.o(.text)
    __user_perproc_libspace                  0x000003f5   Thumb Code     0  libspace.o(.text)
    __user_perthread_libspace                0x000003f5   Thumb Code     0  libspace.o(.text)
    __I$use$semihosting                      0x000003fd   Thumb Code     0  use_no_semi.o(.text)
    __use_no_semihosting_swi                 0x000003fd   Thumb Code     2  use_no_semi.o(.text)
    __I$use$fp                               0x000003fe   Number         0  usenofp.o(x$fpl$usenofp)
    __semihosting_library_function           0x000003ff   Thumb Code     0  indicate_semi.o(.text)
    I2C_Init                                 0x00000411   Thumb Code    86  i2c.o(.text)
    i2c_disable                              0x00000467   Thumb Code    14  i2c.o(.text)
    i2c_m_stop                               0x00000475   Thumb Code    14  i2c.o(.text)
    i2c_clr_IICIF                            0x00000483   Thumb Code    14  i2c.o(.text)
    i2c_wait                                 0x00000491   Thumb Code   106  i2c.o(.text)
    i2c_send                                 0x000004fb   Thumb Code     6  i2c.o(.text)
    i2c_m_start                              0x00000501   Thumb Code    14  i2c.o(.text)
    i2c_tran                                 0x0000050f   Thumb Code    14  i2c.o(.text)
    i2c_enable                               0x0000051d   Thumb Code    14  i2c.o(.text)
    I2C_Ping                                 0x0000052b   Thumb Code    48  i2c.o(.text)
    I2C_Write                                0x0000055b   Thumb Code    60  i2c.o(.text)
    i2c_recv                                 0x00000597   Thumb Code     6  i2c.o(.text)
    i2c_nack                                 0x0000059d   Thumb Code    14  i2c.o(.text)
    i2c_rec                                  0x000005ab   Thumb Code    14  i2c.o(.text)
    I2C_Read                                 0x000005b9   Thumb Code    78  i2c.o(.text)
    I2C_WriteReg                             0x00000607   Thumb Code    70  i2c.o(.text)
    i2c_m_rstart                             0x0000064d   Thumb Code    28  i2c.o(.text)
    I2C_ReadReg                              0x00000669   Thumb Code   110  i2c.o(.text)
    i2c_ack                                  0x000006d7   Thumb Code    14  i2c.o(.text)
    I2C_ReadRegBlock                         0x000006e5   Thumb Code   156  i2c.o(.text)
    PCF8574_Write                            0x0000079d   Thumb Code    32  lcd1602.o(.text)
    LCD1602_Write4                           0x000007bd   Thumb Code    74  lcd1602.o(.text)
    LCD1602_Write8                           0x00000807   Thumb Code    28  lcd1602.o(.text)
    LCD1602_CheckAddress                     0x00000823   Thumb Code    48  lcd1602.o(.text)
    LCD1602_Init                             0x00000853   Thumb Code    74  lcd1602.o(.text)
    LCD1602_Blink_On                         0x0000089d   Thumb Code    12  lcd1602.o(.text)
    LCD1602_Blink_Off                        0x000008a9   Thumb Code    12  lcd1602.o(.text)
    LCD1602_Blink_Off_Cursor_On              0x000008b5   Thumb Code    12  lcd1602.o(.text)
    LCD1602_SetCursor                        0x000008c1   Thumb Code    36  lcd1602.o(.text)
    LCD1602_ClearAll                         0x000008e5   Thumb Code    12  lcd1602.o(.text)
    LCD1602_Print                            0x000008f1   Thumb Code    28  lcd1602.o(.text)
    itoa                                     0x0000090d   Thumb Code   108  lcd1602.o(.text)
    LCD1602_PrintNum                         0x00000979   Thumb Code    32  lcd1602.o(.text)
    LCD1602_Backlight                        0x00000999   Thumb Code    16  lcd1602.o(.text)
    LCD1602_BF_AC                            0x000009a9   Thumb Code   150  lcd1602.o(.text)
    LCD1602_PL_CH                            0x00000a3f   Thumb Code   292  lcd1602.o(.text)
    LCD1602_PrintPL                          0x00000b63   Thumb Code   200  lcd1602.o(.text)
    PIT_IRQHandler                           0x00000c2d   Thumb Code    96  main.o(.text)
    SysTick_Handler                          0x00000c8d   Thumb Code    22  main.o(.text)
    ADC0_IRQHandler                          0x00000ca3   Thumb Code    38  main.o(.text)
    PORTA_IRQHandler                         0x00000cc9   Thumb Code   148  main.o(.text)
    UART0_IRQHandler                         0x00000d5d   Thumb Code   182  main.o(.text)
    send_uart                                0x00000e13   Thumb Code    34  main.o(.text)
    play_letters                             0x00000e35   Thumb Code   198  main.o(.text)
    main                                     0x00000efb   Thumb Code  2338  main.o(.text)
    Klaw_Init                                0x00001909   Thumb Code   112  klaw.o(.text)
    Klaw_S2_4_Int                            0x00001979   Thumb Code   106  klaw.o(.text)
    TPM0_Init_PCM                            0x000019f5   Thumb Code   208  tpm_pcm.o(.text)
    TPM0_PCM_Play                            0x00001ac5   Thumb Code    38  tpm_pcm.o(.text)
    TPM0_IRQHandler                          0x00001aeb   Thumb Code   122  tpm_pcm.o(.text)
    Reset_Handler                            0x00001c11   Thumb Code     8  startup_mkl05z4.o(.text)
    NMI_Handler                              0x00001c19   Thumb Code     2  startup_mkl05z4.o(.text)
    HardFault_Handler                        0x00001c1b   Thumb Code     2  startup_mkl05z4.o(.text)
    SVC_Handler                              0x00001c1d   Thumb Code     2  startup_mkl05z4.o(.text)
    PendSV_Handler                           0x00001c1f   Thumb Code     2  startup_mkl05z4.o(.text)
    CMP0_IRQHandler                          0x00001c23   Thumb Code     0  startup_mkl05z4.o(.text)
    DAC0_IRQHandler                          0x00001c23   Thumb Code     0  startup_mkl05z4.o(.text)
    DMA0_IRQHandler                          0x00001c23   Thumb Code     0  startup_mkl05z4.o(.text)
    DMA1_IRQHandler                          0x00001c23   Thumb Code     0  startup_mkl05z4.o(.text)
    DMA2_IRQHandler                          0x00001c23   Thumb Code     0  startup_mkl05z4.o(.text)
    DMA3_IRQHandler                          0x00001c23   Thumb Code     0  startup_mkl05z4.o(.text)
    DefaultISR                               0x00001c23   Thumb Code     0  startup_mkl05z4.o(.text)
    FTFA_IRQHandler                          0x00001c23   Thumb Code     0  startup_mkl05z4.o(.text)
    I2C0_IRQHandler                          0x00001c23   Thumb Code     0  startup_mkl05z4.o(.text)
    LLW_IRQHandler                           0x00001c23   Thumb Code     0  startup_mkl05z4.o(.text)
    LPTimer_IRQHandler                       0x00001c23   Thumb Code     0  startup_mkl05z4.o(.text)
    LVD_LVW_IRQHandler                       0x00001c23   Thumb Code     0  startup_mkl05z4.o(.text)
    MCG_IRQHandler                           0x00001c23   Thumb Code     0  startup_mkl05z4.o(.text)
    PORTB_IRQHandler                         0x00001c23   Thumb Code     0  startup_mkl05z4.o(.text)
    RTC_IRQHandler                           0x00001c23   Thumb Code     0  startup_mkl05z4.o(.text)
    RTC_Seconds_IRQHandler                   0x00001c23   Thumb Code     0  startup_mkl05z4.o(.text)
    Reserved20_IRQHandler                    0x00001c23   Thumb Code     0  startup_mkl05z4.o(.text)
    Reserved25_IRQHandler                    0x00001c23   Thumb Code     0  startup_mkl05z4.o(.text)
    Reserved27_IRQHandler                    0x00001c23   Thumb Code     0  startup_mkl05z4.o(.text)
    Reserved29_IRQHandler                    0x00001c23   Thumb Code     0  startup_mkl05z4.o(.text)
    Reserved30_IRQHandler                    0x00001c23   Thumb Code     0  startup_mkl05z4.o(.text)
    Reserved35_IRQHandler                    0x00001c23   Thumb Code     0  startup_mkl05z4.o(.text)
    Reserved39_IRQHandler                    0x00001c23   Thumb Code     0  startup_mkl05z4.o(.text)
    Reserved40_IRQHandler                    0x00001c23   Thumb Code     0  startup_mkl05z4.o(.text)
    Reserved45_IRQHandler                    0x00001c23   Thumb Code     0  startup_mkl05z4.o(.text)
    SPI0_IRQHandler                          0x00001c23   Thumb Code     0  startup_mkl05z4.o(.text)
    TPM1_IRQHandler                          0x00001c23   Thumb Code     0  startup_mkl05z4.o(.text)
    TSI0_IRQHandler                          0x00001c23   Thumb Code     0  startup_mkl05z4.o(.text)
    __user_initial_stackheap                 0x00001c25   Thumb Code     0  startup_mkl05z4.o(.text)
    SystemInit                               0x00001c45   Thumb Code    78  system_mkl05z4.o(.text)
    SystemCoreClockUpdate                    0x00001c93   Thumb Code   256  system_mkl05z4.o(.text)
    __2sprintf                               0x00001db1   Thumb Code    36  noretval__2sprintf.o(.text)
    _printf_pre_padding                      0x00001dd9   Thumb Code    44  _printf_pad.o(.text)
    _printf_post_padding                     0x00001e05   Thumb Code    34  _printf_pad.o(.text)
    _printf_int_dec                          0x00001e29   Thumb Code    90  _printf_dec.o(.text)
    __printf                                 0x00001e95   Thumb Code   270  __printf_wp.o(.text)
    _memset_w                                0x00001fa3   Thumb Code    26  rt_memclr.o(.text)
    _memset                                  0x00001fbd   Thumb Code    30  rt_memclr.o(.text)
    __aeabi_memclr                           0x00001fdb   Thumb Code     4  rt_memclr.o(.text)
    __rt_memclr                              0x00001fdb   Thumb Code     0  rt_memclr.o(.text)
    __aeabi_memclr4                          0x00001fdf   Thumb Code     0  rt_memclr.o(.text)
    __aeabi_memclr8                          0x00001fdf   Thumb Code     0  rt_memclr.o(.text)
    __rt_memclr_w                            0x00001fdf   Thumb Code     4  rt_memclr.o(.text)
    strcmp                                   0x00001fe5   Thumb Code   132  strcmp.o(.text)
    __aeabi_uidiv                            0x0000206d   Thumb Code     0  aeabi_sdiv.o(.text)
    __aeabi_uidivmod                         0x0000206d   Thumb Code    20  aeabi_sdiv.o(.text)
    __aeabi_idiv                             0x00002081   Thumb Code     0  aeabi_sdiv.o(.text)
    __aeabi_idivmod                          0x00002081   Thumb Code   326  aeabi_sdiv.o(.text)
    __aeabi_f2d                              0x000021c9   Thumb Code     0  f2d.o(.text)
    _f2d                                     0x000021c9   Thumb Code    80  f2d.o(.text)
    __aeabi_fdiv                             0x0000221d   Thumb Code     0  fdiv.o(.text)
    _fdiv                                    0x0000221d   Thumb Code   334  fdiv.o(.text)
    _frdiv                                   0x0000236b   Thumb Code     8  fdiv.o(.text)
    __aeabi_i2f_normalise                    0x0000237d   Thumb Code    72  fflti.o(.text)
    __aeabi_i2f                              0x000023c5   Thumb Code    16  fflti.o(.text)
    _fflt                                    0x000023c5   Thumb Code     0  fflti.o(.text)
    __aeabi_ui2f                             0x000023d5   Thumb Code     6  fflti.o(.text)
    _ffltu                                   0x000023d5   Thumb Code     0  fflti.o(.text)
    _printf_int_common                       0x000023db   Thumb Code   176  _printf_intcommon.o(.text)
    __lib_sel_fp_printf                      0x0000248d   Thumb Code     2  _printf_fp_dec.o(.text)
    _printf_fp_dec_real                      0x0000262b   Thumb Code   620  _printf_fp_dec.o(.text)
    _printf_char_common                      0x000028af   Thumb Code    32  _printf_char_common.o(.text)
    __rt_udiv10                              0x000028d5   Thumb Code    40  rtudiv10.o(.text)
    __fpl_dcmp_InfNaN                        0x000028fd   Thumb Code   140  dcmpin.o(.text)
    __fpl_fcmp_InfNaN                        0x0000298d   Thumb Code    96  fcmpin.o(.text)
    _ll_udiv10                               0x000029f1   Thumb Code   122  lludiv10.o(.text)
    _printf_fp_infnan                        0x00002a6d   Thumb Code   120  _printf_fp_infnan.o(.text)
    _btod_etento                             0x00002af5   Thumb Code   210  bigflt0.o(.text)
    _btod_d2e                                0x00002bcd   Thumb Code    64  btod.o(.text)
    _btod_emul                               0x00003001   Thumb Code    28  btod.o(.text)
    _btod_emuld                              0x0000301d   Thumb Code   144  btod.o(.text)
    _btod_ediv                               0x000030ad   Thumb Code    26  btod.o(.text)
    _btod_edivd                              0x000030c7   Thumb Code   124  btod.o(.text)
    __fpl_cmpreturn                          0x0000314d   Thumb Code    46  cmpret.o(.text)
    __fpl_dcheck_NaN2                        0x0000317d   Thumb Code    14  dnan2.o(.text)
    __fpl_fcheck_NaN2                        0x00003191   Thumb Code    10  fnan2.o(.text)
    __user_setup_stackheap                   0x000031a1   Thumb Code    62  sys_stackheap_outer.o(.text)
    exit                                     0x000031df   Thumb Code    16  exit.o(.text)
    __fpl_return_NaN                         0x000031ef   Thumb Code    94  retnan.o(.text)
    _sys_exit                                0x0000324d   Thumb Code     8  sys_exit.o(.text)
    __decompress                             0x00003259   Thumb Code     0  __dczerorl2.o(.text)
    __decompress1                            0x00003259   Thumb Code    86  __dczerorl2.o(.text)
    __ARM_common_ll_muluu                    0x000032af   Thumb Code    48  btod.o(i.__ARM_common_ll_muluu)
    __ARM_common_switch8                     0x000032df   Thumb Code    28  system_mkl05z4.o(i.__ARM_common_switch8)
    __ARM_fpclassify                         0x000032fd   Thumb Code    40  fpclassify.o(i.__ARM_fpclassify)
    _is_digit                                0x00003329   Thumb Code    14  __printf_wp.o(i._is_digit)
    _get_lc_numeric                          0x00003339   Thumb Code    44  lc_numeric_c.o(locale$$code)
    __aeabi_cdrcmple                         0x00003365   Thumb Code     0  drlef.o(x$fpl$drleqf)
    _drcmple                                 0x00003365   Thumb Code   100  drlef.o(x$fpl$drleqf)
    __aeabi_fadd                             0x000033cd   Thumb Code     0  faddsub.o(x$fpl$fadd)
    _fadd                                    0x000033cd   Thumb Code   134  faddsub.o(x$fpl$fadd)
    __aeabi_cfcmpeq                          0x00003459   Thumb Code     0  feqf.o(x$fpl$feqf)
    _fcmpeq                                  0x00003459   Thumb Code    78  feqf.o(x$fpl$feqf)
    __aeabi_fmul                             0x000034ad   Thumb Code     0  fmul.o(x$fpl$fmul)
    _fmul                                    0x000034ad   Thumb Code   172  fmul.o(x$fpl$fmul)
    __aeabi_fsub                             0x0000355d   Thumb Code     0  faddsub.o(x$fpl$fsub)
    _fsub                                    0x0000355d   Thumb Code   204  faddsub.o(x$fpl$fsub)
    _printf_fp_dec                           0x0000362d   Thumb Code    16  printf1.o(x$fpl$printf1)
    Region$$Table$$Base                      0x00007cb8   Number         0  anon$$obj.o(Region$$Table)
    Region$$Table$$Limit                     0x00007cd8   Number         0  anon$$obj.o(Region$$Table)
    dummy                                    0x1ffffc04   Data           1  i2c.o(.data)
    PL_CH_a_                                 0x1ffffc07   Data           8  lcd1602.o(.data)
    PL_CH_c_                                 0x1ffffc0f   Data           8  lcd1602.o(.data)
    PL_CH_e_                                 0x1ffffc17   Data           8  lcd1602.o(.data)
    PL_CH_l_                                 0x1ffffc1f   Data           8  lcd1602.o(.data)
    PL_CH_n_                                 0x1ffffc27   Data           8  lcd1602.o(.data)
    PL_CH_o_                                 0x1ffffc2f   Data           8  lcd1602.o(.data)
    PL_CH_s_                                 0x1ffffc37   Data           8  lcd1602.o(.data)
    PL_CH_z_                                 0x1ffffc3f   Data           8  lcd1602.o(.data)
    PL_CH_z__                                0x1ffffc47   Data           8  lcd1602.o(.data)
    alfabet                                  0x1ffffc50   Data         171  main.o(.data)
    adc_volt_coeff                           0x1ffffcfc   Data           4  main.o(.data)
    wynik_ok                                 0x1ffffd00   Data           1  main.o(.data)
    temp                                     0x1ffffd04   Data           4  main.o(.data)
    count                                    0x1ffffd08   Data           2  main.o(.data)
    wyn                                      0x1ffffd0c   Data           4  main.o(.data)
    msek                                     0x1ffffd10   Data           4  main.o(.data)
    sek2                                     0x1ffffd14   Data           4  main.o(.data)
    S2_press                                 0x1ffffd18   Data           1  main.o(.data)
    S3_press                                 0x1ffffd19   Data           1  main.o(.data)
    cycles_up                                0x1ffffd1c   Data           4  main.o(.data)
    cycles_down                              0x1ffffd20   Data           4  main.o(.data)
    var                                      0x1ffffd24   Data           4  main.o(.data)
    rx_buf_pos                               0x1ffffd28   Data           1  main.o(.data)
    enter                                    0x1ffffd2c   Data           4  main.o(.data)
    sample                                   0x1ffffdac   Data           4  tpm_pcm.o(.data)
    SystemCoreClock                          0x1ffffdb0   Data           4  system_mkl05z4.o(.data)
    rx_buf                                   0x1ffffdb4   Data          50  main.o(.bss)
    __libspace_start                         0x1ffffde8   Data          96  libspace.o(.bss)
    __temporary_stack_top$libspace           0x1ffffe48   Data           0  libspace.o(.bss)



==============================================================================

Memory Map of the image

  Image Entry point : 0x000000c1

  Load Region LR_IROM1 (Base: 0x00000000, Size: 0x00007ea8, Max: 0x00008000, ABSOLUTE, COMPRESSED[0x00007dbc])

    Execution Region ER_IROM1 (Exec base: 0x00000000, Load base: 0x00000000, Size: 0x00007cf4, Max: 0x00008000, ABSOLUTE)

    Exec Addr    Load Addr    Size         Type   Attr      Idx    E Section Name        Object

    0x00000000   0x00000000   0x000000c0   Data   RO          253    RESET               startup_mkl05z4.o
    0x000000c0   0x000000c0   0x00000008   Code   RO          334  * !!!main             c_p.l(__main.o)
    0x000000c8   0x000000c8   0x0000003c   Code   RO          577    !!!scatter          c_p.l(__scatter.o)
    0x00000104   0x00000104   0x0000001c   Code   RO          579    !!handler_zi        c_p.l(__scatter_zi.o)
    0x00000120   0x00000120   0x00000002   Code   RO          323    .ARM.Collect$$_printf_percent$$00000000  c_p.l(_printf_percent.o)
    0x00000122   0x00000122   0x0000000a   Code   RO          322    .ARM.Collect$$_printf_percent$$00000003  c_p.l(_printf_f.o)
    0x0000012c   0x0000012c   0x0000000a   Code   RO          321    .ARM.Collect$$_printf_percent$$00000009  c_p.l(_printf_d.o)
    0x00000136   0x00000136   0x00000004   Code   RO          370    .ARM.Collect$$_printf_percent$$00000017  c_p.l(_printf_percent_end.o)
    0x0000013a   0x0000013a   0x00000002   Code   RO          443    .ARM.Collect$$libinit$$00000000  c_p.l(libinit.o)
    0x0000013c   0x0000013c   0x00000000   Code   RO          445    .ARM.Collect$$libinit$$00000002  c_p.l(libinit2.o)
    0x0000013c   0x0000013c   0x00000000   Code   RO          447    .ARM.Collect$$libinit$$00000004  c_p.l(libinit2.o)
    0x0000013c   0x0000013c   0x00000000   Code   RO          450    .ARM.Collect$$libinit$$0000000A  c_p.l(libinit2.o)
    0x0000013c   0x0000013c   0x00000000   Code   RO          452    .ARM.Collect$$libinit$$0000000C  c_p.l(libinit2.o)
    0x0000013c   0x0000013c   0x00000000   Code   RO          454    .ARM.Collect$$libinit$$0000000E  c_p.l(libinit2.o)
    0x0000013c   0x0000013c   0x00000006   Code   RO          455    .ARM.Collect$$libinit$$0000000F  c_p.l(libinit2.o)
    0x00000142   0x00000142   0x00000000   Code   RO          457    .ARM.Collect$$libinit$$00000011  c_p.l(libinit2.o)
    0x00000142   0x00000142   0x00000000   Code   RO          459    .ARM.Collect$$libinit$$00000013  c_p.l(libinit2.o)
    0x00000142   0x00000142   0x00000000   Code   RO          461    .ARM.Collect$$libinit$$00000015  c_p.l(libinit2.o)
    0x00000142   0x00000142   0x0000000a   Code   RO          462    .ARM.Collect$$libinit$$00000016  c_p.l(libinit2.o)
    0x0000014c   0x0000014c   0x00000000   Code   RO          463    .ARM.Collect$$libinit$$00000017  c_p.l(libinit2.o)
    0x0000014c   0x0000014c   0x00000000   Code   RO          465    .ARM.Collect$$libinit$$00000019  c_p.l(libinit2.o)
    0x0000014c   0x0000014c   0x00000000   Code   RO          467    .ARM.Collect$$libinit$$0000001B  c_p.l(libinit2.o)
    0x0000014c   0x0000014c   0x00000000   Code   RO          469    .ARM.Collect$$libinit$$0000001D  c_p.l(libinit2.o)
    0x0000014c   0x0000014c   0x00000000   Code   RO          471    .ARM.Collect$$libinit$$0000001F  c_p.l(libinit2.o)
    0x0000014c   0x0000014c   0x00000000   Code   RO          473    .ARM.Collect$$libinit$$00000021  c_p.l(libinit2.o)
    0x0000014c   0x0000014c   0x00000000   Code   RO          475    .ARM.Collect$$libinit$$00000023  c_p.l(libinit2.o)
    0x0000014c   0x0000014c   0x00000000   Code   RO          477    .ARM.Collect$$libinit$$00000025  c_p.l(libinit2.o)
    0x0000014c   0x0000014c   0x00000000   Code   RO          481    .ARM.Collect$$libinit$$0000002C  c_p.l(libinit2.o)
    0x0000014c   0x0000014c   0x00000000   Code   RO          483    .ARM.Collect$$libinit$$0000002E  c_p.l(libinit2.o)
    0x0000014c   0x0000014c   0x00000000   Code   RO          485    .ARM.Collect$$libinit$$00000030  c_p.l(libinit2.o)
    0x0000014c   0x0000014c   0x00000000   Code   RO          487    .ARM.Collect$$libinit$$00000032  c_p.l(libinit2.o)
    0x0000014c   0x0000014c   0x00000002   Code   RO          488    .ARM.Collect$$libinit$$00000033  c_p.l(libinit2.o)
    0x0000014e   0x0000014e   0x00000002   Code   RO          538    .ARM.Collect$$libshutdown$$00000000  c_p.l(libshutdown.o)
    0x00000150   0x00000150   0x00000000   Code   RO          556    .ARM.Collect$$libshutdown$$00000002  c_p.l(libshutdown2.o)
    0x00000150   0x00000150   0x00000000   Code   RO          558    .ARM.Collect$$libshutdown$$00000004  c_p.l(libshutdown2.o)
    0x00000150   0x00000150   0x00000000   Code   RO          560    .ARM.Collect$$libshutdown$$00000006  c_p.l(libshutdown2.o)
    0x00000150   0x00000150   0x00000000   Code   RO          563    .ARM.Collect$$libshutdown$$00000009  c_p.l(libshutdown2.o)
    0x00000150   0x00000150   0x00000000   Code   RO          566    .ARM.Collect$$libshutdown$$0000000C  c_p.l(libshutdown2.o)
    0x00000150   0x00000150   0x00000000   Code   RO          568    .ARM.Collect$$libshutdown$$0000000E  c_p.l(libshutdown2.o)
    0x00000150   0x00000150   0x00000000   Code   RO          571    .ARM.Collect$$libshutdown$$00000011  c_p.l(libshutdown2.o)
    0x00000150   0x00000150   0x00000002   Code   RO          572    .ARM.Collect$$libshutdown$$00000012  c_p.l(libshutdown2.o)
    0x00000152   0x00000152   0x00000000   Code   RO          357    .ARM.Collect$$rtentry$$00000000  c_p.l(__rtentry.o)
    0x00000152   0x00000152   0x00000000   Code   RO          379    .ARM.Collect$$rtentry$$00000002  c_p.l(__rtentry2.o)
    0x00000152   0x00000152   0x00000006   Code   RO          391    .ARM.Collect$$rtentry$$00000004  c_p.l(__rtentry4.o)
    0x00000158   0x00000158   0x00000000   Code   RO          381    .ARM.Collect$$rtentry$$00000009  c_p.l(__rtentry2.o)
    0x00000158   0x00000158   0x00000004   Code   RO          382    .ARM.Collect$$rtentry$$0000000A  c_p.l(__rtentry2.o)
    0x0000015c   0x0000015c   0x00000000   Code   RO          384    .ARM.Collect$$rtentry$$0000000C  c_p.l(__rtentry2.o)
    0x0000015c   0x0000015c   0x00000008   Code   RO          385    .ARM.Collect$$rtentry$$0000000D  c_p.l(__rtentry2.o)
    0x00000164   0x00000164   0x00000002   Code   RO          492    .ARM.Collect$$rtexit$$00000000  c_p.l(rtexit.o)
    0x00000166   0x00000166   0x00000000   Code   RO          507    .ARM.Collect$$rtexit$$00000002  c_p.l(rtexit2.o)
    0x00000166   0x00000166   0x00000004   Code   RO          508    .ARM.Collect$$rtexit$$00000003  c_p.l(rtexit2.o)
    0x0000016a   0x0000016a   0x00000006   Code   RO          509    .ARM.Collect$$rtexit$$00000004  c_p.l(rtexit2.o)
    0x00000170   0x00000170   0x0000012c   Code   RO            3    .text               adc.o
    0x0000029c   0x0000029c   0x0000007c   Code   RO          163    .text               pit.o
    0x00000318   0x00000318   0x000000c4   Code   RO          203    .text               uart0.o
    0x000003dc   0x000003dc   0x00000006   Code   RO          332    .text               c_p.l(heapauxi.o)
    0x000003e2   0x000003e2   0x0000000a   Code   RO          368    .text               c_p.l(_sputc.o)
    0x000003ec   0x000003ec   0x00000008   Code   RO          398    .text               c_p.l(rt_locale_intlibspace.o)
    0x000003f4   0x000003f4   0x00000008   Code   RO          426    .text               c_p.l(libspace.o)
    0x000003fc   0x000003fc   0x00000002   Code   RO          525    .text               c_p.l(use_no_semi.o)
    0x000003fe   0x000003fe   0x00000000   Code   RO          527    .text               c_p.l(indicate_semi.o)
    0x000003fe   0x000003fe   0x00000000   Code   RO          377    x$fpl$usenofp       fz_ps.l(usenofp.o)
    0x000003fe   0x000003fe   0x00000002   PAD
    0x00000400   0x00000400   0x00000010   Code   RO          254    .ARM.__at_0x400     startup_mkl05z4.o
    0x00000410   0x00000410   0x0000038c   Code   RO           51    .text               i2c.o
    0x0000079c   0x0000079c   0x0000048e   Code   RO           83    .text               lcd1602.o
    0x00000c2a   0x00000c2a   0x00000002   PAD
    0x00000c2c   0x00000c2c   0x00000cdc   Code   RO          109    .text               main.o
    0x00001908   0x00001908   0x000000ec   Code   RO          183    .text               klaw.o
    0x000019f4   0x000019f4   0x0000021c   Code   RO          223    .text               tpm_pcm.o
    0x00001c10   0x00001c10   0x00000034   Code   RO          255    .text               startup_mkl05z4.o
    0x00001c44   0x00001c44   0x0000016c   Code   RO          263    .text               system_mkl05z4.o
    0x00001db0   0x00001db0   0x00000028   Code   RO          293    .text               c_p.l(noretval__2sprintf.o)
    0x00001dd8   0x00001dd8   0x0000004e   Code   RO          297    .text               c_p.l(_printf_pad.o)
    0x00001e26   0x00001e26   0x00000002   PAD
    0x00001e28   0x00001e28   0x0000006c   Code   RO          299    .text               c_p.l(_printf_dec.o)
    0x00001e94   0x00001e94   0x0000010e   Code   RO          309    .text               c_p.l(__printf_wp.o)
    0x00001fa2   0x00001fa2   0x00000040   Code   RO          324    .text               c_p.l(rt_memclr.o)
    0x00001fe2   0x00001fe2   0x00000002   PAD
    0x00001fe4   0x00001fe4   0x00000088   Code   RO          326    .text               c_p.l(strcmp.o)
    0x0000206c   0x0000206c   0x0000015a   Code   RO          328    .text               c_p.l(aeabi_sdiv.o)
    0x000021c6   0x000021c6   0x00000002   PAD
    0x000021c8   0x000021c8   0x00000054   Code   RO          338    .text               fz_ps.l(f2d.o)
    0x0000221c   0x0000221c   0x00000160   Code   RO          346    .text               fz_ps.l(fdiv.o)
    0x0000237c   0x0000237c   0x0000005e   Code   RO          351    .text               fz_ps.l(fflti.o)
    0x000023da   0x000023da   0x000000b0   Code   RO          362    .text               c_p.l(_printf_intcommon.o)
    0x0000248a   0x0000248a   0x00000002   PAD
    0x0000248c   0x0000248c   0x00000418   Code   RO          364    .text               c_p.l(_printf_fp_dec.o)
    0x000028a4   0x000028a4   0x00000030   Code   RO          366    .text               c_p.l(_printf_char_common.o)
    0x000028d4   0x000028d4   0x00000028   Code   RO          371    .text               c_p.l(rtudiv10.o)
    0x000028fc   0x000028fc   0x00000090   Code   RO          373    .text               fz_ps.l(dcmpin.o)
    0x0000298c   0x0000298c   0x00000064   Code   RO          375    .text               fz_ps.l(fcmpin.o)
    0x000029f0   0x000029f0   0x0000007a   Code   RO          400    .text               c_p.l(lludiv10.o)
    0x00002a6a   0x00002a6a   0x00000002   PAD
    0x00002a6c   0x00002a6c   0x00000088   Code   RO          402    .text               c_p.l(_printf_fp_infnan.o)
    0x00002af4   0x00002af4   0x000000d8   Code   RO          406    .text               c_p.l(bigflt0.o)
    0x00002bcc   0x00002bcc   0x00000580   Code   RO          409    .text               c_p.l(btod.o)
    0x0000314c   0x0000314c   0x0000002e   Code   RO          416    .text               fz_ps.l(cmpret.o)
    0x0000317a   0x0000317a   0x00000002   PAD
    0x0000317c   0x0000317c   0x00000014   Code   RO          418    .text               fz_ps.l(dnan2.o)
    0x00003190   0x00003190   0x00000010   Code   RO          420    .text               fz_ps.l(fnan2.o)
    0x000031a0   0x000031a0   0x0000003e   Code   RO          429    .text               c_p.l(sys_stackheap_outer.o)
    0x000031de   0x000031de   0x00000010   Code   RO          432    .text               c_p.l(exit.o)
    0x000031ee   0x000031ee   0x0000005e   Code   RO          489    .text               fz_ps.l(retnan.o)
    0x0000324c   0x0000324c   0x0000000c   Code   RO          504    .text               c_p.l(sys_exit.o)
    0x00003258   0x00003258   0x00000056   Code   RO          575    .text               c_p.l(__dczerorl2.o)
    0x000032ae   0x000032ae   0x00000030   Code   RO          411    i.__ARM_common_ll_muluu  c_p.l(btod.o)
    0x000032de   0x000032de   0x0000001c   Code   RO          281    i.__ARM_common_switch8  system_mkl05z4.o
    0x000032fa   0x000032fa   0x00000002   PAD
    0x000032fc   0x000032fc   0x0000002c   Code   RO          424    i.__ARM_fpclassify  m_ps.l(fpclassify.o)
    0x00003328   0x00003328   0x0000000e   Code   RO          311    i._is_digit         c_p.l(__printf_wp.o)
    0x00003336   0x00003336   0x00000002   PAD
    0x00003338   0x00003338   0x0000002c   Code   RO          414    locale$$code        c_p.l(lc_numeric_c.o)
    0x00003364   0x00003364   0x00000068   Code   RO          336    x$fpl$drleqf        fz_ps.l(drlef.o)
    0x000033cc   0x000033cc   0x0000008c   Code   RO          340    x$fpl$fadd          fz_ps.l(faddsub.o)
    0x00003458   0x00003458   0x00000054   Code   RO          349    x$fpl$feqf          fz_ps.l(feqf.o)
    0x000034ac   0x000034ac   0x000000b0   Code   RO          353    x$fpl$fmul          fz_ps.l(fmul.o)
    0x0000355c   0x0000355c   0x000000d0   Code   RO          342    x$fpl$fsub          fz_ps.l(faddsub.o)
    0x0000362c   0x0000362c   0x00000010   Code   RO          355    x$fpl$printf1       fz_ps.l(printf1.o)
    0x0000363c   0x0000363c   0x0000437e   Data   RO          224    .constdata          tpm_pcm.o
    0x000079ba   0x000079ba   0x00000040   Data   RO          347    .constdata          fz_ps.l(fdiv.o)
    0x000079fa   0x000079fa   0x00000002   PAD
    0x000079fc   0x000079fc   0x00000094   Data   RO          407    .constdata          c_p.l(bigflt0.o)
    0x00007a90   0x00007a90   0x00000228   Data   RO          111    .conststring        main.o
    0x00007cb8   0x00007cb8   0x00000020   Data   RO          573    Region$$Table       anon$$obj.o
    0x00007cd8   0x00007cd8   0x0000001c   Data   RO          413    locale$$data        c_p.l(lc_numeric_c.o)


    Execution Region RW_IRAM1 (Exec base: 0x1ffffc00, Load base: 0x00007cf4, Size: 0x00000548, Max: 0x00001000, ABSOLUTE, COMPRESSED[0x000000c8])

    Exec Addr    Load Addr    Size         Type   Attr      Idx    E Section Name        Object

    0x1ffffc00   COMPRESSED   0x00000005   Data   RW           52    .data               i2c.o
    0x1ffffc05   COMPRESSED   0x0000004a   Data   RW           84    .data               lcd1602.o
    0x1ffffc4f   COMPRESSED   0x00000001   PAD
    0x1ffffc50   COMPRESSED   0x000000e0   Data   RW          112    .data               main.o
    0x1ffffd30   COMPRESSED   0x00000080   Data   RW          225    .data               tpm_pcm.o
    0x1ffffdb0   COMPRESSED   0x00000004   Data   RW          264    .data               system_mkl05z4.o
    0x1ffffdb4        -       0x00000032   Zero   RW          110    .bss                main.o
    0x1ffffde6   COMPRESSED   0x00000002   PAD
    0x1ffffde8        -       0x00000060   Zero   RW          427    .bss                c_p.l(libspace.o)
    0x1ffffe48        -       0x00000000   Zero   RW          252    HEAP                startup_mkl05z4.o
    0x1ffffe48        -       0x00000300   Zero   RW          251    STACK               startup_mkl05z4.o


==============================================================================

Image component sizes


      Code (inc. data)   RO Data    RW Data    ZI Data      Debug   Object Name

       300         20          0          0          0      89119   adc.o
       908         28          0          5          0       4451   i2c.o
       236         18          0          0          0        842   klaw.o
      1166         56          0         74          0       5484   lcd1602.o
      3292        766        552        224         50      13806   main.o
       124         24          0          0          0        703   pit.o
        68         38        192          0        768        964   startup_mkl05z4.o
       392         40          0          4          0       1317   system_mkl05z4.o
       540         62      17278        128          0      10867   tpm_pcm.o
       196         20          0          0          0        705   uart0.o

    ----------------------------------------------------------------------
      7226       1072      18054        436        820     128258   Object Totals
         0          0         32          0          0          0   (incl. Generated)
         4          0          0          1          2          0   (incl. Padding)

    ----------------------------------------------------------------------

      Code (inc. data)   RO Data    RW Data    ZI Data      Debug   Library Member Name

        86          0          0          0          0          0   __dczerorl2.o
         8          0          0          0          0         68   __main.o
       284          0          0          0          0        136   __printf_wp.o
         0          0          0          0          0          0   __rtentry.o
        12          0          0          0          0          0   __rtentry2.o
         6          0          0          0          0          0   __rtentry4.o
        60          8          0          0          0          0   __scatter.o
        28          0          0          0          0          0   __scatter_zi.o
        48          6          0          0          0         88   _printf_char_common.o
        10          0          0          0          0          0   _printf_d.o
       108         18          0          0          0         76   _printf_dec.o
        10          0          0          0          0          0   _printf_f.o
      1048         14          0          0          0        176   _printf_fp_dec.o
       136         16          0          0          0         76   _printf_fp_infnan.o
       176          0          0          0          0         84   _printf_intcommon.o
        78          0          0          0          0        100   _printf_pad.o
         2          0          0          0          0          0   _printf_percent.o
         4          0          0          0          0          0   _printf_percent_end.o
        10          0          0          0          0         60   _sputc.o
       346          0          0          0          0         92   aeabi_sdiv.o
       216          6        148          0          0         80   bigflt0.o
      1456         30          0          0          0        336   btod.o
        16          0          0          0          0         68   exit.o
         6          0          0          0          0        136   heapauxi.o
         0          0          0          0          0          0   indicate_semi.o
        44         10         28          0          0         76   lc_numeric_c.o
         2          0          0          0          0          0   libinit.o
        18          0          0          0          0          0   libinit2.o
         2          0          0          0          0          0   libshutdown.o
         2          0          0          0          0          0   libshutdown2.o
         8          4          0          0         96         68   libspace.o
       122          0          0          0          0         72   lludiv10.o
        40          4          0          0          0         84   noretval__2sprintf.o
         8          4          0          0          0         68   rt_locale_intlibspace.o
        64          0          0          0          0        108   rt_memclr.o
         2          0          0          0          0          0   rtexit.o
        10          0          0          0          0          0   rtexit2.o
        40          0          0          0          0         60   rtudiv10.o
       136          4          0          0          0         72   strcmp.o
        12          4          0          0          0         60   sys_exit.o
        62          0          0          0          0         80   sys_stackheap_outer.o
         2          0          0          0          0         68   use_no_semi.o
        46          0          0          0          0         60   cmpret.o
       144          4          0          0          0         76   dcmpin.o
        20          6          0          0          0         68   dnan2.o
       104          4          0          0          0        104   drlef.o
        84          4          0          0          0         60   f2d.o
       348          8          0          0          0        160   faddsub.o
       100          4          0          0          0         68   fcmpin.o
       352         10         64          0          0         92   fdiv.o
        84          4          0          0          0         76   feqf.o
        94          0          0          0          0         92   fflti.o
       176          4          0          0          0         80   fmul.o
        16          6          0          0          0         68   fnan2.o
        16          4          0          0          0         76   printf1.o
        94          0          0          0          0         68   retnan.o
         0          0          0          0          0          0   usenofp.o
        44          4          0          0          0         60   fpclassify.o

    ----------------------------------------------------------------------
      6466        190        242          0         96       3600   Library Totals
        16          0          2          0          0          0   (incl. Padding)

    ----------------------------------------------------------------------

      Code (inc. data)   RO Data    RW Data    ZI Data      Debug   Library Name

      4728        128        176          0         96       2392   c_p.l
      1678         58         64          0          0       1148   fz_ps.l
        44          4          0          0          0         60   m_ps.l

    ----------------------------------------------------------------------
      6466        190        242          0         96       3600   Library Totals

    ----------------------------------------------------------------------

==============================================================================


      Code (inc. data)   RO Data    RW Data    ZI Data      Debug   

     13692       1262      18296        436        916     129410   Grand Totals
     13692       1262      18296        200        916     129410   ELF Image Totals (compressed)
     13692       1262      18296        200          0          0   ROM Totals

==============================================================================

    Total RO  Size (Code + RO Data)                31988 (  31.24kB)
    Total RW  Size (RW Data + ZI Data)              1352 (   1.32kB)
    Total ROM Size (Code + RO Data + RW Data)      32188 (  31.43kB)

==============================================================================

