<html>
<body>
<pre>
<h1>µVision Build Log</h1>
<h2>Tool Versions:</h2>
IDE-Version: µVision V5.12.0.0
Copyright (C) 2014 ARM Ltd and ARM Germany GmbH. All rights reserved.
License Information: Hans Kloss J-23 Flex license: MDK-ARM Professional (mdk_pro) Operation stops: 10 Sep 2023
 
Tool Versions:
Toolchain:       MDK-ARM Professional  Version: 5.12.0.0
Toolchain Path:  C:\Keil_v5\ARM\ARMCC\Bin
C Compiler:      Armcc.exe V5.05 (build 41)
Assembler:       Armasm.exe V5.05 (build 41)
Linker/Locator:  ArmLink.exe V5.05 (build 41)
Library Manager: ArmAr.exe V5.05 (build 41)
Hex Converter:   FromElf.exe V5.05 (build 41)
CPU DLL:         SARMCM3.DLL V5.12.0.0
Dialog DLL:      DARMCM1.DLL V1.11.00.0
    Target DLL: Segger\JL2CM3.dll
Dialog DLL:      TARMCM1.DLL V1.08.00.0
 
<h2>Project:</h2>
D:\TMP2\Æw_5\Program\Cw_2\Cw_2.uvprojx
Project File Date:  10/31/2020

<h2>Output:</h2>
Rebuild target 'KL05Z'
compiling ADC.c...
compiling i2c.c...
compiling lcd1602.c...
compiling main.c...
assembling startup_MKL05Z4.s...
compiling system_MKL05Z4.c...
linking...
Program Size: Code=6100 RO-data=400 RW-data=24 ZI-data=864  
".\Objects\Cw_2.axf" - 0 Error(s), 0 Warning(s).

<h2>Software Packages used:</h2>

Package Vendor: ARM
                http://www.keil.com/pack/ARM.CMSIS.4.2.0.pack
                ARM::CMSIS:CORE:3.40.0
                CMSIS (Cortex Microcontroller Software Interface Standard)
   * Component: CORE Version: 3.40.0

Package Vendor: Keil
                http://www.keil.com/pack/Keil.Kinetis_KLxx_DFP.1.12.0.pack
                Keil::Device:Startup:1.0.0
                NXP Kinetis KLxx Series Device Support and Examples
   * Component: Startup Version: 1.0.0

<h2>Collection of Component include folders:</h2>
  D:\TMP2\Æw_5\Program\Cw_2\RTE
  C:\Keil_v5\ARM\PACK\ARM\CMSIS\4.2.0\CMSIS\Include
  C:\Keil_v5\ARM\PACK\Keil\Kinetis_KLxx_DFP\1.12.0
  C:\Keil_v5\ARM\PACK\Keil\Kinetis_KLxx_DFP\1.12.0\Device\Include

<h2>Collection of Component Files used:</h2>

   * Component: ARM::CMSIS:CORE:3.40.0
      Source file:   CMSIS\UserCodeTemplates\ARM\ITM_Retarget.c

   * Component: Keil::Device:Startup:1.0.0
      Source file:   Device\Source\ARM\startup_MKL05Z4.s
      Source file:   Device\Source\system_MKL05Z4.c
Load "D:\\TMP2\\Æw_5\\Program\\Cw_2\\Objects\\Cw_2.axf" 
Set JLink Project File to "D:\TMP2\Æw_5\Program\Cw_2\JLinkSettings.ini"
* JLink Info: Device "MKL05Z32XXX4" selected.
 
JLink info:
------------
DLL: V6.86d, compiled Oct  9 2020 16:15:12
Firmware: J-Link OpenSDA compiled May 27 2019 10:59:53
Hardware: V1.00
S/N : 621000000 
 
* JLink Info: ConfigTargetSettings() start
* JLink Info: ConfigTargetSettings() end
* JLink Info: InitTarget() start
* JLink Info: InitTarget()
* JLink Info: InitTarget() end
* JLink Info: Found SW-DP with ID 0x0BC11477
* JLink Info: Unknown DP version. Assuming DPv0
* JLink Info: AP map detection skipped. Manually configured AP map found.
* JLink Info: AP[0]: AHB-AP (IDR: Not set)
* JLink Info: AP[1]: MEM-AP (IDR: Not set)
* JLink Info: AP[0]: Core found
* JLink Info: AP[0]: AHB-AP ROM base: 0xF0002000
* JLink Info: CPUID register: 0x410CC600. Implementer code: 0x41 (ARM)
* JLink Info: Found Cortex-M0 r0p0, Little endian.
* JLink Info: FPUnit: 2 code (BP) slots and 0 literal slots
* JLink Info: CoreSight components:
* JLink Info: ROMTbl[0] @ F0002000
* JLink Info: ROMTbl[0][0]: F0000000, CID: B105900D, PID: 000BB932 MTB-M0+
* JLink Info: ROMTbl[0][1]: F0001000, CID: B105900D, PID: 0008E000 MTBDWT
* JLink Info: ROMTbl[0][2]: E00FF000, CID: B105100D, PID: 000BB4C0 ROM Table
* JLink Info: ROMTbl[1] @ E00FF000
* JLink Info: ROMTbl[1][0]: E000E000, CID: B105E00D, PID: 000BB008 SCS
* JLink Info: ROMTbl[1][1]: E0001000, CID: B105E00D, PID: 000BB00A DWT
* JLink Info: ROMTbl[1][2]: E0002000, CID: B105E00D, PID: 000BB00B FPB
ROMTableAddr = 0xE00FF003
* JLink Info: Reset: Halt core after reset via DEMCR.VC_CORERESET.
* JLink Info: Reset: Reset device via AIRCR.SYSRESETREQ.
 
Target info:
------------
Device: MKL05Z32xxx4
VTarget = 3.300V
State of Pins: 
TCK: 0, TDI: 0, TDO: 0, TMS: 1, TRES: 0, TRST: 1
Hardware-Breakpoints: 2
Software-Breakpoints: 8192
Watchpoints:          2
JTAG speed: 1429 kHz
 
Erase Done.
Programming Done.
* JLink Info: Reset: Halt core after reset via DEMCR.VC_CORERESET.
* JLink Info: Reset: Reset device via AIRCR.SYSRESETREQ.
Application running ...
</pre>
</body>
</html>
